Archive member included to satisfy reference by file (symbol)

C:/ST/STM32CubeIDE_1.18.0/STM32CubeIDE/plugins/com.st.stm32cube.ide.mcu.externaltools.gnu-tools-for-stm32.13.3.rel1.win32_1.0.0.202411081344/tools/bin/../lib/gcc/arm-none-eabi/13.3.1/../../../../arm-none-eabi/lib/thumb/v7e-m+fp/hard\libc_nano.a(libc_a-exit.o)
                              C:/ST/STM32CubeIDE_1.18.0/STM32CubeIDE/plugins/com.st.stm32cube.ide.mcu.externaltools.gnu-tools-for-stm32.13.3.rel1.win32_1.0.0.202411081344/tools/bin/../lib/gcc/arm-none-eabi/13.3.1/../../../../arm-none-eabi/lib/thumb/v7e-m+fp/hard/crt0.o (exit)
C:/ST/STM32CubeIDE_1.18.0/STM32CubeIDE/plugins/com.st.stm32cube.ide.mcu.externaltools.gnu-tools-for-stm32.13.3.rel1.win32_1.0.0.202411081344/tools/bin/../lib/gcc/arm-none-eabi/13.3.1/../../../../arm-none-eabi/lib/thumb/v7e-m+fp/hard\libc_nano.a(libc_a-findfp.o)
                              C:/ST/STM32CubeIDE_1.18.0/STM32CubeIDE/plugins/com.st.stm32cube.ide.mcu.externaltools.gnu-tools-for-stm32.13.3.rel1.win32_1.0.0.202411081344/tools/bin/../lib/gcc/arm-none-eabi/13.3.1/../../../../arm-none-eabi/lib/thumb/v7e-m+fp/hard\libc_nano.a(libc_a-exit.o) (__stdio_exit_handler)
C:/ST/STM32CubeIDE_1.18.0/STM32CubeIDE/plugins/com.st.stm32cube.ide.mcu.externaltools.gnu-tools-for-stm32.13.3.rel1.win32_1.0.0.202411081344/tools/bin/../lib/gcc/arm-none-eabi/13.3.1/../../../../arm-none-eabi/lib/thumb/v7e-m+fp/hard\libc_nano.a(libc_a-fwalk.o)
                              C:/ST/STM32CubeIDE_1.18.0/STM32CubeIDE/plugins/com.st.stm32cube.ide.mcu.externaltools.gnu-tools-for-stm32.13.3.rel1.win32_1.0.0.202411081344/tools/bin/../lib/gcc/arm-none-eabi/13.3.1/../../../../arm-none-eabi/lib/thumb/v7e-m+fp/hard\libc_nano.a(libc_a-findfp.o) (_fwalk_sglue)
C:/ST/STM32CubeIDE_1.18.0/STM32CubeIDE/plugins/com.st.stm32cube.ide.mcu.externaltools.gnu-tools-for-stm32.13.3.rel1.win32_1.0.0.202411081344/tools/bin/../lib/gcc/arm-none-eabi/13.3.1/../../../../arm-none-eabi/lib/thumb/v7e-m+fp/hard\libc_nano.a(libc_a-printf.o)
                              ./Core/Src/main.o (printf)
C:/ST/STM32CubeIDE_1.18.0/STM32CubeIDE/plugins/com.st.stm32cube.ide.mcu.externaltools.gnu-tools-for-stm32.13.3.rel1.win32_1.0.0.202411081344/tools/bin/../lib/gcc/arm-none-eabi/13.3.1/../../../../arm-none-eabi/lib/thumb/v7e-m+fp/hard\libc_nano.a(libc_a-stdio.o)
                              C:/ST/STM32CubeIDE_1.18.0/STM32CubeIDE/plugins/com.st.stm32cube.ide.mcu.externaltools.gnu-tools-for-stm32.13.3.rel1.win32_1.0.0.202411081344/tools/bin/../lib/gcc/arm-none-eabi/13.3.1/../../../../arm-none-eabi/lib/thumb/v7e-m+fp/hard\libc_nano.a(libc_a-findfp.o) (__sread)
C:/ST/STM32CubeIDE_1.18.0/STM32CubeIDE/plugins/com.st.stm32cube.ide.mcu.externaltools.gnu-tools-for-stm32.13.3.rel1.win32_1.0.0.202411081344/tools/bin/../lib/gcc/arm-none-eabi/13.3.1/../../../../arm-none-eabi/lib/thumb/v7e-m+fp/hard\libc_nano.a(libc_a-memset.o)
                              C:/ST/STM32CubeIDE_1.18.0/STM32CubeIDE/plugins/com.st.stm32cube.ide.mcu.externaltools.gnu-tools-for-stm32.13.3.rel1.win32_1.0.0.202411081344/tools/bin/../lib/gcc/arm-none-eabi/13.3.1/../../../../arm-none-eabi/lib/thumb/v7e-m+fp/hard/crt0.o (memset)
C:/ST/STM32CubeIDE_1.18.0/STM32CubeIDE/plugins/com.st.stm32cube.ide.mcu.externaltools.gnu-tools-for-stm32.13.3.rel1.win32_1.0.0.202411081344/tools/bin/../lib/gcc/arm-none-eabi/13.3.1/../../../../arm-none-eabi/lib/thumb/v7e-m+fp/hard\libc_nano.a(libc_a-closer.o)
                              C:/ST/STM32CubeIDE_1.18.0/STM32CubeIDE/plugins/com.st.stm32cube.ide.mcu.externaltools.gnu-tools-for-stm32.13.3.rel1.win32_1.0.0.202411081344/tools/bin/../lib/gcc/arm-none-eabi/13.3.1/../../../../arm-none-eabi/lib/thumb/v7e-m+fp/hard\libc_nano.a(libc_a-stdio.o) (_close_r)
C:/ST/STM32CubeIDE_1.18.0/STM32CubeIDE/plugins/com.st.stm32cube.ide.mcu.externaltools.gnu-tools-for-stm32.13.3.rel1.win32_1.0.0.202411081344/tools/bin/../lib/gcc/arm-none-eabi/13.3.1/../../../../arm-none-eabi/lib/thumb/v7e-m+fp/hard\libc_nano.a(libc_a-reent.o)
                              C:/ST/STM32CubeIDE_1.18.0/STM32CubeIDE/plugins/com.st.stm32cube.ide.mcu.externaltools.gnu-tools-for-stm32.13.3.rel1.win32_1.0.0.202411081344/tools/bin/../lib/gcc/arm-none-eabi/13.3.1/../../../../arm-none-eabi/lib/thumb/v7e-m+fp/hard\libc_nano.a(libc_a-closer.o) (errno)
C:/ST/STM32CubeIDE_1.18.0/STM32CubeIDE/plugins/com.st.stm32cube.ide.mcu.externaltools.gnu-tools-for-stm32.13.3.rel1.win32_1.0.0.202411081344/tools/bin/../lib/gcc/arm-none-eabi/13.3.1/../../../../arm-none-eabi/lib/thumb/v7e-m+fp/hard\libc_nano.a(libc_a-impure.o)
                              C:/ST/STM32CubeIDE_1.18.0/STM32CubeIDE/plugins/com.st.stm32cube.ide.mcu.externaltools.gnu-tools-for-stm32.13.3.rel1.win32_1.0.0.202411081344/tools/bin/../lib/gcc/arm-none-eabi/13.3.1/../../../../arm-none-eabi/lib/thumb/v7e-m+fp/hard\libc_nano.a(libc_a-printf.o) (_impure_ptr)
[...]
Memory Configuration

Name             Origin             Length             Attributes
CCMRAM           0x10000000         0x00010000         xrw
RAM              0x20000000         0x00020000         xrw
FLASH            0x08000000         0x00100000         xr
*default*        0x00000000         0xffffffff

Linker script and memory map

LOAD C:/ST/STM32CubeIDE_1.18.0/STM32CubeIDE/plugins/com.st.stm32cube.ide.mcu.externaltools.gnu-tools-for-stm32.13.3.rel1.win32_1.0.0.202411081344/tools/bin/../lib/gcc/arm-none-eabi/13.3.1/thumb/v7e-m+fp/hard/crti.o
LOAD C:/ST/STM32CubeIDE_1.18.0/STM32CubeIDE/plugins/com.st.stm32cube.ide.mcu.externaltools.gnu-tools-for-stm32.13.3.rel1.win32_1.0.0.202411081344/tools/bin/../lib/gcc/arm-none-eabi/13.3.1/thumb/v7e-m+fp/hard/crtbegin.o
LOAD C:/ST/STM32CubeIDE_1.18.0/STM32CubeIDE/plugins/com.st.stm32cube.ide.mcu.externaltools.gnu-tools-for-stm32.13.3.rel1.win32_1.0.0.202411081344/tools/bin/../lib/gcc/arm-none-eabi/13.3.1/../../../../arm-none-eabi/lib/thumb/v7e-m+fp/hard/crt0.o
LOAD ./Core/Src/main.o
LOAD ./Core/Src/stm32f4xx_hal_msp.o
LOAD ./Core/Src/stm32f4xx_hal_timebase_tim.o
LOAD ./Core/Src/stm32f4xx_it.o
LOAD ./Core/Src/syscalls.o
LOAD ./Core/Src/system_stm32f4xx.o
LOAD ./Core/Startup/startup_stm32f407vgtx.o
LOAD ./Drivers/STM32F4xx_HAL_Driver/Src/stm32f4xx_hal.o
LOAD ./Drivers/STM32F4xx_HAL_Driver/Src/stm32f4xx_hal_cortex.o
LOAD ./Drivers/STM32F4xx_HAL_Driver/Src/stm32f4xx_hal_dma.o
LOAD ./Drivers/STM32F4xx_HAL_Driver/Src/stm32f4xx_hal_dma_ex.o
LOAD ./Drivers/STM32F4xx_HAL_Driver/Src/stm32f4xx_hal_exti.o
LOAD ./Drivers/STM32F4xx_HAL_Driver/Src/stm32f4xx_hal_flash.o
LOAD ./Drivers/STM32F4xx_HAL_Driver/Src/stm32f4xx_hal_flash_ex.o
LOAD ./Drivers/STM32F4xx_HAL_Driver/Src/stm32f4xx_hal_flash_ramfunc.o
LOAD ./Drivers/STM32F4xx_HAL_Driver/Src/stm32f4xx_hal_gpio.o
LOAD ./Drivers/STM32F4xx_HAL_Driver/Src/stm32f4xx_hal_pwr.o
LOAD ./Drivers/STM32F4xx_HAL_Driver/Src/stm32f4xx_hal_pwr_ex.o
LOAD ./Drivers/STM32F4xx_HAL_Driver/Src/stm32f4xx_hal_rcc.o
LOAD ./Drivers/STM32F4xx_HAL_Driver/Src/stm32f4xx_hal_rcc_ex.o
LOAD ./Drivers/STM32F4xx_HAL_Driver/Src/stm32f4xx_hal_tim.o
LOAD ./Drivers/STM32F4xx_HAL_Driver/Src/stm32f4xx_hal_tim_ex.o
LOAD ./ThirdParty/FreeRTOS/croutine.o
LOAD ./ThirdParty/FreeRTOS/event_groups.o
LOAD ./ThirdParty/FreeRTOS/list.o
LOAD ./ThirdParty/FreeRTOS/queue.o
LOAD ./ThirdParty/FreeRTOS/stream_buffer.o
LOAD ./ThirdParty/FreeRTOS/tasks.o
LOAD ./ThirdParty/FreeRTOS/timers.o
LOAD ./ThirdParty/FreeRTOS/portable/GCC/ARM_CM4F/port.o
LOAD ./ThirdParty/FreeRTOS/portable/MemMang/heap_4.o
START GROUP
LOAD C:/ST/STM32CubeIDE_1.18.0/STM32CubeIDE/plugins/com.st.stm32cube.ide.mcu.externaltools.gnu-tools-for-stm32.13.3.rel1.win32_1.0.0.202411081344/tools/bin/../lib/gcc/arm-none-eabi/13.3.1/../../../../arm-none-eabi/lib/thumb/v7e-m+fp/hard\libc_nano.a
LOAD C:/ST/STM32CubeIDE_1.18.0/STM32CubeIDE/plugins/com.st.stm32cube.ide.mcu.externaltools.gnu-tools-for-stm32.13.3.rel1.win32_1.0.0.202411081344/tools/bin/../lib/gcc/arm-none-eabi/13.3.1/../../../../arm-none-eabi/lib/thumb/v7e-m+fp/hard\libm.a
END GROUP
START GROUP
LOAD C:/ST/STM32CubeIDE_1.18.0/STM32CubeIDE/plugins/com.st.stm32cube.ide.mcu.externaltools.gnu-tools-for-stm32.13.3.rel1.win32_1.0.0.202411081344/tools/bin/../lib/gcc/arm-none-eabi/13.3.1/thumb/v7e-m+fp/hard\libgcc.a
LOAD C:/ST/STM32CubeIDE_1.18.0/STM32CubeIDE/plugins/com.st.stm32cube.ide.mcu.externaltools.gnu-tools-for-stm32.13.3.rel1.win32_1.0.0.202411081344/tools/bin/../lib/gcc/arm-none-eabi/13.3.1/../../../../arm-none-eabi/lib/thumb/v7e-m+fp/hard\libc_nano.a
END GROUP
START GROUP
LOAD C:/ST/STM32CubeIDE_1.18.0/STM32CubeIDE/plugins/com.st.stm32cube.ide.mcu.externaltools.gnu-tools-for-stm32.13.3.rel1.win32_1.0.0.202411081344/tools/bin/../lib/gcc/arm-none-eabi/13.3.1/thumb/v7e-m+fp/hard\libgcc.a
LOAD C:/ST/STM32CubeIDE_1.18.0/STM32CubeIDE/plugins/com.st.stm32cube.ide.mcu.externaltools.gnu-tools-for-stm32.13.3.rel1.win32_1.0.0.202411081344/tools/bin/../lib/gcc/arm-none-eabi/13.3.1/../../../../arm-none-eabi/lib/thumb/v7e-m+fp/hard\libc_nano.a
LOAD C:/ST/STM32CubeIDE_1.18.0/STM32CubeIDE/plugins/com.st.stm32cube.ide.mcu.externaltools.gnu-tools-for-stm32.13.3.rel1.win32_1.0.0.202411081344/tools/bin/../lib/gcc/arm-none-eabi/13.3.1/../../../../arm-none-eabi/lib/thumb/v7e-m+fp/hard\libnosys.a
END GROUP
START GROUP
LOAD C:/ST/STM32CubeIDE_1.18.0/STM32CubeIDE/plugins/com.st.stm32cube.ide.mcu.externaltools.gnu-tools-for-stm32.13.3.rel1.win32_1.0.0.202411081344/tools/bin/../lib/gcc/arm-none-eabi/13.3.1/thumb/v7e-m+fp/hard\libgcc.a
LOAD C:/ST/STM32CubeIDE_1.18.0/STM32CubeIDE/plugins/com.st.stm32cube.ide.mcu.externaltools.gnu-tools-for-stm32.13.3.rel1.win32_1.0.0.202411081344/tools/bin/../lib/gcc/arm-none-eabi/13.3.1/../../../../arm-none-eabi/lib/thumb/v7e-m+fp/hard\libc_nano.a
LOAD C:/ST/STM32CubeIDE_1.18.0/STM32CubeIDE/plugins/com.st.stm32cube.ide.mcu.externaltools.gnu-tools-for-stm32.13.3.rel1.win32_1.0.0.202411081344/tools/bin/../lib/gcc/arm-none-eabi/13.3.1/../../../../arm-none-eabi/lib/thumb/v7e-m+fp/hard\libnosys.a
END GROUP
LOAD C:/ST/STM32CubeIDE_1.18.0/STM32CubeIDE/plugins/com.st.stm32cube.ide.mcu.externaltools.gnu-tools-for-stm32.13.3.rel1.win32_1.0.0.202411081344/tools/bin/../lib/gcc/arm-none-eabi/13.3.1/thumb/v7e-m+fp/hard/crtend.o
LOAD C:/ST/STM32CubeIDE_1.18.0/STM32CubeIDE/plugins/com.st.stm32cube.ide.mcu.externaltools.gnu-tools-for-stm32.13.3.rel1.win32_1.0.0.202411081344/tools/bin/../lib/gcc/arm-none-eabi/13.3.1/thumb/v7e-m+fp/hard/crtn.o
                0x20020000                        _estack = (ORIGIN (RAM) + LENGTH (RAM))
                0x00000200                        _Min_Heap_Size = 0x200
                0x00000400                        _Min_Stack_Size = 0x400

.isr_vector     0x08000000      0x188
                0x08000000                        . = ALIGN (0x4)
 *(.isr_vector)
 .isr_vector    0x08000000      0x188 ./Core/Startup/startup_stm32f407vgtx.o
                0x08000000                g_pfnVectors
                0x08000188                        . = ALIGN (0x4)

.text           0x08000190     0x5174
                0x08000190                        . = ALIGN (0x4)
 *(.text)
 .text          0x08000190       0x40 C:/ST/STM32CubeIDE_1.18.0/STM32CubeIDE/plugins/com.st.stm32cube.ide.mcu.externaltools.gnu-tools-for-stm32.13.3.rel1.win32_1.0.0.202411081344/tools/bin/../lib/gcc/arm-none-eabi/13.3.1/thumb/v7e-m+fp/hard/crtbegin.o
 .text          0x080001d0       0xa0 C:/ST/STM32CubeIDE_1.18.0/STM32CubeIDE/plugins/com.st.stm32cube.ide.mcu.externaltools.gnu-tools-for-stm32.13.3.rel1.win32_1.0.0.202411081344/tools/bin/../lib/gcc/arm-none-eabi/13.3.1/../../../../arm-none-eabi/lib/thumb/v7e-m+fp/hard\libc_nano.a(libc_a-memchr.o)
                0x080001d0                memchr
 .text          0x08000270       0x30 C:/ST/STM32CubeIDE_1.18.0/STM32CubeIDE/plugins/com.st.stm32cube.ide.mcu.externaltools.gnu-tools-for-stm32.13.3.rel1.win32_1.0.0.202411081344/tools/bin/../lib/gcc/arm-none-eabi/13.3.1/thumb/v7e-m+fp/hard\libgcc.a(_aeabi_uldivmod.o)
                0x08000270                __aeabi_uldivmod
 .text          0x080002a0      0x2f8 C:/ST/STM32CubeIDE_1.18.0/STM32CubeIDE/plugins/com.st.stm32cube.ide.mcu.externaltools.gnu-tools-for-stm32.13.3.rel1.win32_1.0.0.202411081344/tools/bin/../lib/gcc/arm-none-eabi/13.3.1/thumb/v7e-m+fp/hard\libgcc.a(_udivmoddi4.o)
                0x080002a0                __udivmoddi4
 .text          0x08000598        0x4 C:/ST/STM32CubeIDE_1.18.0/STM32CubeIDE/plugins/com.st.stm32cube.ide.mcu.externaltools.gnu-tools-for-stm32.13.3.rel1.win32_1.0.0.202411081344/tools/bin/../lib/gcc/arm-none-eabi/13.3.1/thumb/v7e-m+fp/hard\libgcc.a(_dvmd_tls.o)
                0x08000598                __aeabi_idiv0
                0x08000598                __aeabi_ldiv0
 *(.text*)
 .text.main     0x0800059c       0x9c ./Core/Src/main.o
                0x0800059c                main
 .text.SystemClock_Config
                0x08000638       0xd4 ./Core/Src/main.o
                0x08000638                SystemClock_Config
 .text.MX_GPIO_Init
                0x0800070c      0x2bc ./Core/Src/main.o
 .text.task1_handler
                0x080009c8       0x2c ./Core/Src/main.o
 .text.task2_handler
                0x080009f4       0x2c ./Core/Src/main.o
 .text.HAL_TIM_PeriodElapsedCallback
                0x08000a20       0x24 ./Core/Src/main.o
                0x08000a20                HAL_TIM_PeriodElapsedCallback
 .text.Error_Handler
                0x08000a44        0xc ./Core/Src/main.o
                0x08000a44                Error_Handler
 .text.HAL_MspInit
                0x08000a50       0x50 ./Core/Src/stm32f4xx_hal_msp.o
                0x08000a50                HAL_MspInit
 .text.HAL_InitTick
                0x08000aa0       0xf8 ./Core/Src/stm32f4xx_hal_timebase_tim.o
                0x08000aa0                HAL_InitTick
 .text.NMI_Handler
                0x08000b98        0x8 ./Core/Src/stm32f4xx_it.o
                0x08000b98                NMI_Handler
 .text.HardFault_Handler
                0x08000ba0        0x8 ./Core/Src/stm32f4xx_it.o
                0x08000ba0                HardFault_Handler
 .text.MemManage_Handler
                0x08000ba8        0x8 ./Core/Src/stm32f4xx_it.o
                0x08000ba8                MemManage_Handler
 .text.BusFault_Handler
                0x08000bb0        0x8 ./Core/Src/stm32f4xx_it.o
                0x08000bb0                BusFault_Handler
 .text.UsageFault_Handler
                0x08000bb8        0x8 ./Core/Src/stm32f4xx_it.o
                0x08000bb8                UsageFault_Handler
 .text.DebugMon_Handler
                0x08000bc0        0xe ./Core/Src/stm32f4xx_it.o
                0x08000bc0                DebugMon_Handler
 *fill*         0x08000bce        0x2 
 .text.TIM6_DAC_IRQHandler
                0x08000bd0       0x14 ./Core/Src/stm32f4xx_it.o
                0x08000bd0                TIM6_DAC_IRQHandler
 .text.ITM_SendChar
                0x08000be4       0x50 ./Core/Src/syscalls.o
                0x08000be4                ITM_SendChar
 .text._read    0x08000c34       0x3a ./Core/Src/syscalls.o
                0x08000c34                _read
 .text._write   0x08000c6e       0x38 ./Core/Src/syscalls.o
                0x08000c6e                _write
 .text._close   0x08000ca6       0x18 ./Core/Src/syscalls.o
                0x08000ca6                _close
 .text._fstat   0x08000cbe       0x20 ./Core/Src/syscalls.o
                0x08000cbe                _fstat
 .text._isatty  0x08000cde       0x16 ./Core/Src/syscalls.o
                0x08000cde                _isatty
 .text._lseek   0x08000cf4       0x1a ./Core/Src/syscalls.o
                0x08000cf4                _lseek
 *fill*         0x08000d0e        0x2 
 .text.SystemInit
                0x08000d10       0x24 ./Core/Src/system_stm32f4xx.o
                0x08000d10                SystemInit
 .text.Reset_Handler
                0x08000d34       0x50 ./Core/Startup/startup_stm32f407vgtx.o
                0x08000d34                Reset_Handler
 .text.Default_Handler
                0x08000d84        0x2 ./Core/Startup/startup_stm32f407vgtx.o
                0x08000d84                RTC_Alarm_IRQHandler
                0x08000d84                HASH_RNG_IRQHandler
                0x08000d84                EXTI2_IRQHandler
                0x08000d84                TIM8_CC_IRQHandler
                0x08000d84                TIM1_CC_IRQHandler
                0x08000d84                DMA2_Stream5_IRQHandler
                0x08000d84                DMA1_Stream5_IRQHandler
                0x08000d84                PVD_IRQHandler
                0x08000d84                SDIO_IRQHandler
                0x08000d84                TAMP_STAMP_IRQHandler
                0x08000d84                CAN2_RX1_IRQHandler
                0x08000d84                EXTI3_IRQHandler
                0x08000d84                TIM8_TRG_COM_TIM14_IRQHandler
                0x08000d84                TIM1_UP_TIM10_IRQHandler
                0x08000d84                TIM8_UP_TIM13_IRQHandler
                0x08000d84                I2C3_ER_IRQHandler
                0x08000d84                EXTI0_IRQHandler
                0x08000d84                I2C2_EV_IRQHandler
                0x08000d84                DMA1_Stream2_IRQHandler
                0x08000d84                CAN1_RX0_IRQHandler
                0x08000d84                FPU_IRQHandler
                0x08000d84                OTG_HS_WKUP_IRQHandler
                0x08000d84                CAN2_SCE_IRQHandler
                0x08000d84                DMA2_Stream2_IRQHandler
                0x08000d84                SPI1_IRQHandler
                0x08000d84                TIM1_BRK_TIM9_IRQHandler
                0x08000d84                DCMI_IRQHandler
                0x08000d84                CAN2_RX0_IRQHandler
                0x08000d84                DMA2_Stream3_IRQHandler
                0x08000d84                USART6_IRQHandler
                0x08000d84                USART3_IRQHandler
                0x08000d84                CAN1_RX1_IRQHandler
                0x08000d84                UART5_IRQHandler
                0x08000d84                DMA2_Stream0_IRQHandler
                0x08000d84                TIM4_IRQHandler
                0x08000d84                I2C1_EV_IRQHandler
                0x08000d84                DMA1_Stream6_IRQHandler
                0x08000d84                DMA1_Stream1_IRQHandler
                0x08000d84                UART4_IRQHandler
                0x08000d84                TIM3_IRQHandler
                0x08000d84                RCC_IRQHandler
                0x08000d84                TIM8_BRK_TIM12_IRQHandler
                0x08000d84                Default_Handler
                0x08000d84                EXTI15_10_IRQHandler
                0x08000d84                ADC_IRQHandler
                0x08000d84                DMA1_Stream7_IRQHandler
                0x08000d84                TIM7_IRQHandler
                0x08000d84                CAN2_TX_IRQHandler
                0x08000d84                TIM5_IRQHandler
                0x08000d84                DMA2_Stream7_IRQHandler
                0x08000d84                I2C3_EV_IRQHandler
                0x08000d84                EXTI9_5_IRQHandler
                0x08000d84                RTC_WKUP_IRQHandler
                0x08000d84                ETH_WKUP_IRQHandler
                0x08000d84                SPI2_IRQHandler
                0x08000d84                OTG_HS_EP1_IN_IRQHandler
                0x08000d84                DMA1_Stream0_IRQHandler
                0x08000d84                CAN1_TX_IRQHandler
                0x08000d84                EXTI4_IRQHandler
                0x08000d84                FSMC_IRQHandler
                0x08000d84                ETH_IRQHandler
                0x08000d84                OTG_HS_EP1_OUT_IRQHandler
                0x08000d84                WWDG_IRQHandler
                0x08000d84                TIM2_IRQHandler
                0x08000d84                OTG_FS_WKUP_IRQHandler
                0x08000d84                TIM1_TRG_COM_TIM11_IRQHandler
                0x08000d84                OTG_HS_IRQHandler
                0x08000d84                EXTI1_IRQHandler
                0x08000d84                USART2_IRQHandler
                0x08000d84                I2C2_ER_IRQHandler
                0x08000d84                DMA2_Stream1_IRQHandler
                0x08000d84                CAN1_SCE_IRQHandler
                0x08000d84                FLASH_IRQHandler
                0x08000d84                DMA2_Stream4_IRQHandler
                0x08000d84                USART1_IRQHandler
                0x08000d84                OTG_FS_IRQHandler
                0x08000d84                SPI3_IRQHandler
                0x08000d84                DMA1_Stream4_IRQHandler
                0x08000d84                I2C1_ER_IRQHandler
                0x08000d84                DMA2_Stream6_IRQHandler
                0x08000d84                DMA1_Stream3_IRQHandler
 *fill*         0x08000d86        0x2 
 .text.HAL_Init
                0x08000d88       0x44 ./Drivers/STM32F4xx_HAL_Driver/Src/stm32f4xx_hal.o
                0x08000d88                HAL_Init
 .text.HAL_IncTick
                0x08000dcc       0x28 ./Drivers/STM32F4xx_HAL_Driver/Src/stm32f4xx_hal.o
                0x08000dcc                HAL_IncTick
 .text.HAL_GetTick
                0x08000df4       0x18 ./Drivers/STM32F4xx_HAL_Driver/Src/stm32f4xx_hal.o
                0x08000df4                HAL_GetTick
 .text.__NVIC_SetPriorityGrouping
                0x08000e0c       0x48 ./Drivers/STM32F4xx_HAL_Driver/Src/stm32f4xx_hal_cortex.o
 .text.__NVIC_GetPriorityGrouping
                0x08000e54       0x1c ./Drivers/STM32F4xx_HAL_Driver/Src/stm32f4xx_hal_cortex.o
 .text.__NVIC_EnableIRQ
                0x08000e70       0x3c ./Drivers/STM32F4xx_HAL_Driver/Src/stm32f4xx_hal_cortex.o
 .text.__NVIC_SetPriority
                0x08000eac       0x54 ./Drivers/STM32F4xx_HAL_Driver/Src/stm32f4xx_hal_cortex.o
 .text.NVIC_EncodePriority
                0x08000f00       0x66 ./Drivers/STM32F4xx_HAL_Driver/Src/stm32f4xx_hal_cortex.o
 .text.HAL_NVIC_SetPriorityGrouping
                0x08000f66       0x16 ./Drivers/STM32F4xx_HAL_Driver/Src/stm32f4xx_hal_cortex.o
                0x08000f66                HAL_NVIC_SetPriorityGrouping
 .text.HAL_NVIC_SetPriority
                0x08000f7c       0x38 ./Drivers/STM32F4xx_HAL_Driver/Src/stm32f4xx_hal_cortex.o
                0x08000f7c                HAL_NVIC_SetPriority
 .text.HAL_NVIC_EnableIRQ
                0x08000fb4       0x1c ./Drivers/STM32F4xx_HAL_Driver/Src/stm32f4xx_hal_cortex.o
                0x08000fb4                HAL_NVIC_EnableIRQ
 .text.HAL_GPIO_Init
                0x08000fd0      0x338 ./Drivers/STM32F4xx_HAL_Driver/Src/stm32f4xx_hal_gpio.o
                0x08000fd0                HAL_GPIO_Init
 .text.HAL_GPIO_WritePin
                0x08001308       0x32 ./Drivers/STM32F4xx_HAL_Driver/Src/stm32f4xx_hal_gpio.o
                0x08001308                HAL_GPIO_WritePin
 *fill*         0x0800133a        0x2 
 .text.HAL_RCC_OscConfig
                0x0800133c      0x4f0 ./Drivers/STM32F4xx_HAL_Driver/Src/stm32f4xx_hal_rcc.o
                0x0800133c                HAL_RCC_OscConfig
 .text.HAL_RCC_ClockConfig
                0x0800182c      0x1cc ./Drivers/STM32F4xx_HAL_Driver/Src/stm32f4xx_hal_rcc.o
                0x0800182c                HAL_RCC_ClockConfig
 .text.HAL_RCC_GetSysClockFreq
                0x080019f8      0x20c ./Drivers/STM32F4xx_HAL_Driver/Src/stm32f4xx_hal_rcc.o
                0x080019f8                HAL_RCC_GetSysClockFreq
 .text.HAL_RCC_GetHCLKFreq
                0x08001c04       0x18 ./Drivers/STM32F4xx_HAL_Driver/Src/stm32f4xx_hal_rcc.o
                0x08001c04                HAL_RCC_GetHCLKFreq
 .text.HAL_RCC_GetPCLK1Freq
                0x08001c1c       0x28 ./Drivers/STM32F4xx_HAL_Driver/Src/stm32f4xx_hal_rcc.o
                0x08001c1c                HAL_RCC_GetPCLK1Freq
 .text.HAL_RCC_GetClockConfig
                0x08001c44       0x64 ./Drivers/STM32F4xx_HAL_Driver/Src/stm32f4xx_hal_rcc.o
                0x08001c44                HAL_RCC_GetClockConfig
 .text.HAL_TIM_Base_Init
                0x08001ca8       0x9e ./Drivers/STM32F4xx_HAL_Driver/Src/stm32f4xx_hal_tim.o
                0x08001ca8                HAL_TIM_Base_Init
 .text.HAL_TIM_Base_MspInit
                0x08001d46       0x14 ./Drivers/STM32F4xx_HAL_Driver/Src/stm32f4xx_hal_tim.o
                0x08001d46                HAL_TIM_Base_MspInit
 *fill*         0x08001d5a        0x2 
 .text.HAL_TIM_Base_Start_IT
                0x08001d5c       0xe0 ./Drivers/STM32F4xx_HAL_Driver/Src/stm32f4xx_hal_tim.o
                0x08001d5c                HAL_TIM_Base_Start_IT
 .text.HAL_TIM_IRQHandler
                0x08001e3c      0x1e0 ./Drivers/STM32F4xx_HAL_Driver/Src/stm32f4xx_hal_tim.o
                0x08001e3c                HAL_TIM_IRQHandler
 .text.HAL_TIM_OC_DelayElapsedCallback
                0x0800201c       0x14 ./Drivers/STM32F4xx_HAL_Driver/Src/stm32f4xx_hal_tim.o
                0x0800201c                HAL_TIM_OC_DelayElapsedCallback
 .text.HAL_TIM_IC_CaptureCallback
                0x08002030       0x14 ./Drivers/STM32F4xx_HAL_Driver/Src/stm32f4xx_hal_tim.o
                0x08002030                HAL_TIM_IC_CaptureCallback
 .text.HAL_TIM_PWM_PulseFinishedCallback
                0x08002044       0x14 ./Drivers/STM32F4xx_HAL_Driver/Src/stm32f4xx_hal_tim.o
                0x08002044                HAL_TIM_PWM_PulseFinishedCallback
 .text.HAL_TIM_TriggerCallback
                0x08002058       0x14 ./Drivers/STM32F4xx_HAL_Driver/Src/stm32f4xx_hal_tim.o
                0x08002058                HAL_TIM_TriggerCallback
 .text.TIM_Base_SetConfig
                0x0800206c      0x158 ./Drivers/STM32F4xx_HAL_Driver/Src/stm32f4xx_hal_tim.o
                0x0800206c                TIM_Base_SetConfig
 .text.HAL_TIMEx_CommutCallback
                0x080021c4       0x14 ./Drivers/STM32F4xx_HAL_Driver/Src/stm32f4xx_hal_tim_ex.o
                0x080021c4                HAL_TIMEx_CommutCallback
 .text.HAL_TIMEx_BreakCallback
                0x080021d8       0x14 ./Drivers/STM32F4xx_HAL_Driver/Src/stm32f4xx_hal_tim_ex.o
                0x080021d8                HAL_TIMEx_BreakCallback
 .text.vListInitialise
                0x080021ec       0x40 ./ThirdParty/FreeRTOS/list.o
                0x080021ec                vListInitialise
 .text.vListInitialiseItem
                0x0800222c       0x1a ./ThirdParty/FreeRTOS/list.o
                0x0800222c                vListInitialiseItem
 .text.vListInsert
                0x08002246       0x72 ./ThirdParty/FreeRTOS/list.o
                0x08002246                vListInsert
 .text.uxListRemove
                0x080022b8       0x54 ./ThirdParty/FreeRTOS/list.o
                0x080022b8                uxListRemove
 .text.xQueueGenericReset
                0x0800230c      0x108 ./ThirdParty/FreeRTOS/queue.o
                0x0800230c                xQueueGenericReset
 .text.xQueueGenericCreate
                0x08002414       0x9e ./ThirdParty/FreeRTOS/queue.o
                0x08002414                xQueueGenericCreate
 .text.prvInitialiseNewQueue
                0x080024b2       0x46 ./ThirdParty/FreeRTOS/queue.o
 .text.xQueueReceive
                0x080024f8      0x1b0 ./ThirdParty/FreeRTOS/queue.o
                0x080024f8                xQueueReceive
 .text.prvCopyDataFromQueue
                0x080026a8       0x4c ./ThirdParty/FreeRTOS/queue.o
 .text.prvUnlockQueue
                0x080026f4       0xa4 ./ThirdParty/FreeRTOS/queue.o
 .text.prvIsQueueEmpty
                0x08002798       0x2c ./ThirdParty/FreeRTOS/queue.o
 .text.vQueueAddToRegistry
                0x080027c4       0xa0 ./ThirdParty/FreeRTOS/queue.o
                0x080027c4                vQueueAddToRegistry
 .text.vQueueWaitForMessageRestricted
                0x08002864       0x68 ./ThirdParty/FreeRTOS/queue.o
                0x08002864                vQueueWaitForMessageRestricted
 .text.vApplicationStackOverflowHook
                0x080028cc       0x22 ./ThirdParty/FreeRTOS/tasks.o
                0x080028cc                vApplicationStackOverflowHook
 .text.xTaskCreate
                0x080028ee       0x8c ./ThirdParty/FreeRTOS/tasks.o
                0x080028ee                xTaskCreate
 .text.prvInitialiseNewTask
                0x0800297a      0x120 ./ThirdParty/FreeRTOS/tasks.o
 *fill*         0x08002a9a        0x2 
 .text.prvAddNewTaskToReadyList
                0x08002a9c      0x110 ./ThirdParty/FreeRTOS/tasks.o
 .text.vTaskStartScheduler
                0x08002bac       0xa4 ./ThirdParty/FreeRTOS/tasks.o
                0x08002bac                vTaskStartScheduler
 .text.vTaskSuspendAll
                0x08002c50       0x1c ./ThirdParty/FreeRTOS/tasks.o
                0x08002c50                vTaskSuspendAll
 .text.xTaskResumeAll
                0x08002c6c      0x1dc ./ThirdParty/FreeRTOS/tasks.o
                0x08002c6c                xTaskResumeAll
 .text.xTaskGetTickCount
                0x08002e48       0x20 ./ThirdParty/FreeRTOS/tasks.o
                0x08002e48                xTaskGetTickCount
 .text.xTaskIncrementTick
                0x08002e68      0x1e8 ./ThirdParty/FreeRTOS/tasks.o
                0x08002e68                xTaskIncrementTick
 .text.vTaskSwitchContext
                0x08003050      0x104 ./ThirdParty/FreeRTOS/tasks.o
                0x08003050                vTaskSwitchContext
 .text.vTaskPlaceOnEventList
                0x08003154       0x4c ./ThirdParty/FreeRTOS/tasks.o
                0x08003154                vTaskPlaceOnEventList
 .text.vTaskPlaceOnEventListRestricted
                0x080031a0       0x8c ./ThirdParty/FreeRTOS/tasks.o
                0x080031a0                vTaskPlaceOnEventListRestricted
 .text.xTaskRemoveFromEventList
                0x0800322c      0x1b0 ./ThirdParty/FreeRTOS/tasks.o
                0x0800322c                xTaskRemoveFromEventList
 .text.vTaskInternalSetTimeOutState
                0x080033dc       0x2c ./ThirdParty/FreeRTOS/tasks.o
                0x080033dc                vTaskInternalSetTimeOutState
 .text.xTaskCheckForTimeOut
                0x08003408       0xd0 ./ThirdParty/FreeRTOS/tasks.o
                0x08003408                xTaskCheckForTimeOut
 .text.vTaskMissedYield
                0x080034d8       0x18 ./ThirdParty/FreeRTOS/tasks.o
                0x080034d8                vTaskMissedYield
 .text.prvIdleTask
                0x080034f0       0x24 ./ThirdParty/FreeRTOS/tasks.o
 .text.prvInitialiseTaskLists
                0x08003514       0x80 ./ThirdParty/FreeRTOS/tasks.o
 .text.prvCheckTasksWaitingTermination
                0x08003594       0x5c ./ThirdParty/FreeRTOS/tasks.o
 .text.prvDeleteTCB
                0x080035f0       0x20 ./ThirdParty/FreeRTOS/tasks.o
 .text.prvResetNextTaskUnblockTime
                0x08003610       0x38 ./ThirdParty/FreeRTOS/tasks.o
 .text.xTaskGetSchedulerState
                0x08003648       0x3c ./ThirdParty/FreeRTOS/tasks.o
                0x08003648                xTaskGetSchedulerState
 .text.prvAddCurrentTaskToDelayedList
                0x08003684      0x100 ./ThirdParty/FreeRTOS/tasks.o
 .text.xTimerCreateTimerTask
                0x08003784       0x68 ./ThirdParty/FreeRTOS/timers.o
                0x08003784                xTimerCreateTimerTask
 .text.prvReloadTimer
                0x080037ec       0x42 ./ThirdParty/FreeRTOS/timers.o
 *fill*         0x0800382e        0x2 
 .text.prvProcessExpiredTimer
                0x08003830       0x60 ./ThirdParty/FreeRTOS/timers.o
 .text.prvTimerTask
                0x08003890       0x26 ./ThirdParty/FreeRTOS/timers.o
 *fill*         0x080038b6        0x2 
 .text.prvProcessTimerOrBlockTask
                0x080038b8       0x9c ./ThirdParty/FreeRTOS/timers.o
 .text.prvGetNextExpireTime
                0x08003954       0x48 ./ThirdParty/FreeRTOS/timers.o
 .text.prvSampleTimeNow
                0x0800399c       0x40 ./ThirdParty/FreeRTOS/timers.o
 .text.prvInsertTimerInActiveList
                0x080039dc       0x84 ./ThirdParty/FreeRTOS/timers.o
 .text.prvProcessReceivedCommands
                0x08003a60      0x184 ./ThirdParty/FreeRTOS/timers.o
 .text.prvSwitchTimerLists
                0x08003be4       0x4c ./ThirdParty/FreeRTOS/timers.o
 .text.prvCheckForValidListAndQueue
                0x08003c30       0x6c ./ThirdParty/FreeRTOS/timers.o
 .text.pxPortInitialiseStack
                0x08003c9c       0x68 ./ThirdParty/FreeRTOS/portable/GCC/ARM_CM4F/port.o
                0x08003c9c                pxPortInitialiseStack
 .text.prvTaskExitError
                0x08003d04       0x5c ./ThirdParty/FreeRTOS/portable/GCC/ARM_CM4F/port.o
 .text.SVC_Handler
                0x08003d60       0x28 ./ThirdParty/FreeRTOS/portable/GCC/ARM_CM4F/port.o
                0x08003d60                SVC_Handler
 .text.prvPortStartFirstTask
                0x08003d88       0x2c ./ThirdParty/FreeRTOS/portable/GCC/ARM_CM4F/port.o
 .text.xPortStartScheduler
                0x08003db4      0x148 ./ThirdParty/FreeRTOS/portable/GCC/ARM_CM4F/port.o
                0x08003db4                xPortStartScheduler
 .text.vPortEnterCritical
                0x08003efc       0x64 ./ThirdParty/FreeRTOS/portable/GCC/ARM_CM4F/port.o
                0x08003efc                vPortEnterCritical
 .text.vPortExitCritical
                0x08003f60       0x54 ./ThirdParty/FreeRTOS/portable/GCC/ARM_CM4F/port.o
                0x08003f60                vPortExitCritical
 *fill*         0x08003fb4        0xc 
 .text.PendSV_Handler
                0x08003fc0       0x68 ./ThirdParty/FreeRTOS/portable/GCC/ARM_CM4F/port.o
                0x08003fc0                PendSV_Handler
 .text.SysTick_Handler
                0x08004028       0x44 ./ThirdParty/FreeRTOS/portable/GCC/ARM_CM4F/port.o
                0x08004028                SysTick_Handler
 .text.vPortSetupTimerInterrupt
                0x0800406c       0x48 ./ThirdParty/FreeRTOS/portable/GCC/ARM_CM4F/port.o
                0x0800406c                vPortSetupTimerInterrupt
 .text.vPortEnableVFP
                0x080040b4       0x18 ./ThirdParty/FreeRTOS/portable/GCC/ARM_CM4F/port.o
 .text.pvPortMalloc
                0x080040cc      0x178 ./ThirdParty/FreeRTOS/portable/MemMang/heap_4.o
                0x080040cc                pvPortMalloc
 .text.vPortFree
                0x08004244       0xb4 ./ThirdParty/FreeRTOS/portable/MemMang/heap_4.o
                0x08004244                vPortFree
 .text.prvHeapInit
                0x080042f8       0xb8 ./ThirdParty/FreeRTOS/portable/MemMang/heap_4.o
 .text.prvInsertBlockIntoFreeList
                0x080043b0       0xb4 ./ThirdParty/FreeRTOS/portable/MemMang/heap_4.o
 .text.std      0x08004464       0x6c C:/ST/STM32CubeIDE_1.18.0/STM32CubeIDE/plugins/com.st.stm32cube.ide.mcu.externaltools.gnu-tools-for-stm32.13.3.rel1.win32_1.0.0.202411081344/tools/bin/../lib/gcc/arm-none-eabi/13.3.1/../../../../arm-none-eabi/lib/thumb/v7e-m+fp/hard\libc_nano.a(libc_a-findfp.o)
 .text.stdio_exit_handler
                0x080044d0       0x18 C:/ST/STM32CubeIDE_1.18.0/STM32CubeIDE/plugins/com.st.stm32cube.ide.mcu.externaltools.gnu-tools-for-stm32.13.3.rel1.win32_1.0.0.202411081344/tools/bin/../lib/gcc/arm-none-eabi/13.3.1/../../../../arm-none-eabi/lib/thumb/v7e-m+fp/hard\libc_nano.a(libc_a-findfp.o)
 .text.cleanup_stdio
                0x080044e8       0x40 C:/ST/STM32CubeIDE_1.18.0/STM32CubeIDE/plugins/com.st.stm32cube.ide.mcu.externaltools.gnu-tools-for-stm32.13.3.rel1.win32_1.0.0.202411081344/tools/bin/../lib/gcc/arm-none-eabi/13.3.1/../../../../arm-none-eabi/lib/thumb/v7e-m+fp/hard\libc_nano.a(libc_a-findfp.o)
 .text.global_stdio_init.part.0
                0x08004528       0x3c C:/ST/STM32CubeIDE_1.18.0/STM32CubeIDE/plugins/com.st.stm32cube.ide.mcu.externaltools.gnu-tools-for-stm32.13.3.rel1.win32_1.0.0.202411081344/tools/bin/../lib/gcc/arm-none-eabi/13.3.1/../../../../arm-none-eabi/lib/thumb/v7e-m+fp/hard\libc_nano.a(libc_a-findfp.o)
 .text.__sfp_lock_acquire
                0x08004564        0xc C:/ST/STM32CubeIDE_1.18.0/STM32CubeIDE/plugins/com.st.stm32cube.ide.mcu.externaltools.gnu-tools-for-stm32.13.3.rel1.win32_1.0.0.202411081344/tools/bin/../lib/gcc/arm-none-eabi/13.3.1/../../../../arm-none-eabi/lib/thumb/v7e-m+fp/hard\libc_nano.a(libc_a-findfp.o)
                0x08004564                __sfp_lock_acquire
 .text.__sfp_lock_release
                0x08004570        0xc C:/ST/STM32CubeIDE_1.18.0/STM32CubeIDE/plugins/com.st.stm32cube.ide.mcu.externaltools.gnu-tools-for-stm32.13.3.rel1.win32_1.0.0.202411081344/tools/bin/../lib/gcc/arm-none-eabi/13.3.1/../../../../arm-none-eabi/lib/thumb/v7e-m+fp/hard\libc_nano.a(libc_a-findfp.o)
                0x08004570                __sfp_lock_release
 .text.__sinit  0x0800457c       0x30 C:/ST/STM32CubeIDE_1.18.0/STM32CubeIDE/plugins/com.st.stm32cube.ide.mcu.externaltools.gnu-tools-for-stm32.13.3.rel1.win32_1.0.0.202411081344/tools/bin/../lib/gcc/arm-none-eabi/13.3.1/../../../../arm-none-eabi/lib/thumb/v7e-m+fp/hard\libc_nano.a(libc_a-findfp.o)
                0x0800457c                __sinit
 .text._fwalk_sglue
                0x080045ac       0x3c C:/ST/STM32CubeIDE_1.18.0/STM32CubeIDE/plugins/com.st.stm32cube.ide.mcu.externaltools.gnu-tools-for-stm32.13.3.rel1.win32_1.0.0.202411081344/tools/bin/../lib/gcc/arm-none-eabi/13.3.1/../../../../arm-none-eabi/lib/thumb/v7e-m+fp/hard\libc_nano.a(libc_a-fwalk.o)
                0x080045ac                _fwalk_sglue
 .text.printf   0x080045e8       0x24 C:/ST/STM32CubeIDE_1.18.0/STM32CubeIDE/plugins/com.st.stm32cube.ide.mcu.externaltools.gnu-tools-for-stm32.13.3.rel1.win32_1.0.0.202411081344/tools/bin/../lib/gcc/arm-none-eabi/13.3.1/../../../../arm-none-eabi/lib/thumb/v7e-m+fp/hard\libc_nano.a(libc_a-printf.o)
                0x080045e8                iprintf
                0x080045e8                printf
 .text.__sread  0x0800460c       0x22 C:/ST/STM32CubeIDE_1.18.0/STM32CubeIDE/plugins/com.st.stm32cube.ide.mcu.externaltools.gnu-tools-for-stm32.13.3.rel1.win32_1.0.0.202411081344/tools/bin/../lib/gcc/arm-none-eabi/13.3.1/../../../../arm-none-eabi/lib/thumb/v7e-m+fp/hard\libc_nano.a(libc_a-stdio.o)
                0x0800460c                __sread
 .text.__swrite
                0x0800462e       0x38 C:/ST/STM32CubeIDE_1.18.0/STM32CubeIDE/plugins/com.st.stm32cube.ide.mcu.externaltools.gnu-tools-for-stm32.13.3.rel1.win32_1.0.0.202411081344/tools/bin/../lib/gcc/arm-none-eabi/13.3.1/../../../../arm-none-eabi/lib/thumb/v7e-m+fp/hard\libc_nano.a(libc_a-stdio.o)
                0x0800462e                __swrite
 .text.__sseek  0x08004666       0x24 C:/ST/STM32CubeIDE_1.18.0/STM32CubeIDE/plugins/com.st.stm32cube.ide.mcu.externaltools.gnu-tools-for-stm32.13.3.rel1.win32_1.0.0.202411081344/tools/bin/../lib/gcc/arm-none-eabi/13.3.1/../../../../arm-none-eabi/lib/thumb/v7e-m+fp/hard\libc_nano.a(libc_a-stdio.o)
                0x08004666                __sseek
 .text.__sclose
                0x0800468a        0x8 C:/ST/STM32CubeIDE_1.18.0/STM32CubeIDE/plugins/com.st.stm32cube.ide.mcu.externaltools.gnu-tools-for-stm32.13.3.rel1.win32_1.0.0.202411081344/tools/bin/../lib/gcc/arm-none-eabi/13.3.1/../../../../arm-none-eabi/lib/thumb/v7e-m+fp/hard\libc_nano.a(libc_a-stdio.o)
                0x0800468a                __sclose
 .text.memset   0x08004692       0x10 C:/ST/STM32CubeIDE_1.18.0/STM32CubeIDE/plugins/com.st.stm32cube.ide.mcu.externaltools.gnu-tools-for-stm32.13.3.rel1.win32_1.0.0.202411081344/tools/bin/../lib/gcc/arm-none-eabi/13.3.1/../../../../arm-none-eabi/lib/thumb/v7e-m+fp/hard\libc_nano.a(libc_a-memset.o)
                0x08004692                memset
 *fill*         0x080046a2        0x2 
 .text._close_r
                0x080046a4       0x20 C:/ST/STM32CubeIDE_1.18.0/STM32CubeIDE/plugins/com.st.stm32cube.ide.mcu.externaltools.gnu-tools-for-stm32.13.3.rel1.win32_1.0.0.202411081344/tools/bin/../lib/gcc/arm-none-eabi/13.3.1/../../../../arm-none-eabi/lib/thumb/v7e-m+fp/hard\libc_nano.a(libc_a-closer.o)
                0x080046a4                _close_r
 .text._lseek_r
                0x080046c4       0x24 C:/ST/STM32CubeIDE_1.18.0/STM32CubeIDE/plugins/com.st.stm32cube.ide.mcu.externaltools.gnu-tools-for-stm32.13.3.rel1.win32_1.0.0.202411081344/tools/bin/../lib/gcc/arm-none-eabi/13.3.1/../../../../arm-none-eabi/lib/thumb/v7e-m+fp/hard\libc_nano.a(libc_a-lseekr.o)
                0x080046c4                _lseek_r
 .text._read_r  0x080046e8       0x24 C:/ST/STM32CubeIDE_1.18.0/STM32CubeIDE/plugins/com.st.stm32cube.ide.mcu.externaltools.gnu-tools-for-stm32.13.3.rel1.win32_1.0.0.202411081344/tools/bin/../lib/gcc/arm-none-eabi/13.3.1/../../../../arm-none-eabi/lib/thumb/v7e-m+fp/hard\libc_nano.a(libc_a-readr.o)
                0x080046e8                _read_r
 .text._write_r
                0x0800470c       0x24 C:/ST/STM32CubeIDE_1.18.0/STM32CubeIDE/plugins/com.st.stm32cube.ide.mcu.externaltools.gnu-tools-for-stm32.13.3.rel1.win32_1.0.0.202411081344/tools/bin/../lib/gcc/arm-none-eabi/13.3.1/../../../../arm-none-eabi/lib/thumb/v7e-m+fp/hard\libc_nano.a(libc_a-writer.o)
                0x0800470c                _write_r
 .text.__libc_init_array
                0x08004730       0x48 C:/ST/STM32CubeIDE_1.18.0/STM32CubeIDE/plugins/com.st.stm32cube.ide.mcu.externaltools.gnu-tools-for-stm32.13.3.rel1.win32_1.0.0.202411081344/tools/bin/../lib/gcc/arm-none-eabi/13.3.1/../../../../arm-none-eabi/lib/thumb/v7e-m+fp/hard\libc_nano.a(libc_a-init.o)
                0x08004730                __libc_init_array
 .text.__retarget_lock_init_recursive
                0x08004778        0x2 C:/ST/STM32CubeIDE_1.18.0/STM32CubeIDE/plugins/com.st.stm32cube.ide.mcu.externaltools.gnu-tools-for-stm32.13.3.rel1.win32_1.0.0.202411081344/tools/bin/../lib/gcc/arm-none-eabi/13.3.1/../../../../arm-none-eabi/lib/thumb/v7e-m+fp/hard\libc_nano.a(libc_a-lock.o)
                0x08004778                __retarget_lock_init_recursive
 .text.__retarget_lock_acquire_recursive
                0x0800477a        0x2 C:/ST/STM32CubeIDE_1.18.0/STM32CubeIDE/plugins/com.st.stm32cube.ide.mcu.externaltools.gnu-tools-for-stm32.13.3.rel1.win32_1.0.0.202411081344/tools/bin/../lib/gcc/arm-none-eabi/13.3.1/../../../../arm-none-eabi/lib/thumb/v7e-m+fp/hard\libc_nano.a(libc_a-lock.o)
                0x0800477a                __retarget_lock_acquire_recursive
 .text.__retarget_lock_release_recursive
                0x0800477c        0x2 C:/ST/STM32CubeIDE_1.18.0/STM32CubeIDE/plugins/com.st.stm32cube.ide.mcu.externaltools.gnu-tools-for-stm32.13.3.rel1.win32_1.0.0.202411081344/tools/bin/../lib/gcc/arm-none-eabi/13.3.1/../../../../arm-none-eabi/lib/thumb/v7e-m+fp/hard\libc_nano.a(libc_a-lock.o)
                0x0800477c                __retarget_lock_release_recursive
 .text.memcpy   0x0800477e       0x1c C:/ST/STM32CubeIDE_1.18.0/STM32CubeIDE/plugins/com.st.stm32cube.ide.mcu.externaltools.gnu-tools-for-stm32.13.3.rel1.win32_1.0.0.202411081344/tools/bin/../lib/gcc/arm-none-eabi/13.3.1/../../../../arm-none-eabi/lib/thumb/v7e-m+fp/hard\libc_nano.a(libc_a-memcpy-stub.o)
                0x0800477e                memcpy
 *fill*         0x0800479a        0x2 
 .text._free_r  0x0800479c       0x94 C:/ST/STM32CubeIDE_1.18.0/STM32CubeIDE/plugins/com.st.stm32cube.ide.mcu.externaltools.gnu-tools-for-stm32.13.3.rel1.win32_1.0.0.202411081344/tools/bin/../lib/gcc/arm-none-eabi/13.3.1/../../../../arm-none-eabi/lib/thumb/v7e-m+fp/hard\libc_nano.a(libc_a-freer.o)
                0x0800479c                _free_r
 .text.sbrk_aligned
                0x08004830       0x44 C:/ST/STM32CubeIDE_1.18.0/STM32CubeIDE/plugins/com.st.stm32cube.ide.mcu.externaltools.gnu-tools-for-stm32.13.3.rel1.win32_1.0.0.202411081344/tools/bin/../lib/gcc/arm-none-eabi/13.3.1/../../../../arm-none-eabi/lib/thumb/v7e-m+fp/hard\libc_nano.a(libc_a-mallocr.o)
 .text._malloc_r
                0x08004874      0x100 C:/ST/STM32CubeIDE_1.18.0/STM32CubeIDE/plugins/com.st.stm32cube.ide.mcu.externaltools.gnu-tools-for-stm32.13.3.rel1.win32_1.0.0.202411081344/tools/bin/../lib/gcc/arm-none-eabi/13.3.1/../../../../arm-none-eabi/lib/thumb/v7e-m+fp/hard\libc_nano.a(libc_a-mallocr.o)
                0x08004874                _malloc_r
 .text.__malloc_lock
                0x08004974        0xc C:/ST/STM32CubeIDE_1.18.0/STM32CubeIDE/plugins/com.st.stm32cube.ide.mcu.externaltools.gnu-tools-for-stm32.13.3.rel1.win32_1.0.0.202411081344/tools/bin/../lib/gcc/arm-none-eabi/13.3.1/../../../../arm-none-eabi/lib/thumb/v7e-m+fp/hard\libc_nano.a(libc_a-mlock.o)
                0x08004974                __malloc_lock
 .text.__malloc_unlock
                0x08004980        0xc C:/ST/STM32CubeIDE_1.18.0/STM32CubeIDE/plugins/com.st.stm32cube.ide.mcu.externaltools.gnu-tools-for-stm32.13.3.rel1.win32_1.0.0.202411081344/tools/bin/../lib/gcc/arm-none-eabi/13.3.1/../../../../arm-none-eabi/lib/thumb/v7e-m+fp/hard\libc_nano.a(libc_a-mlock.o)
                0x08004980                __malloc_unlock
 .text.__sfputc_r
                0x0800498c       0x2e C:/ST/STM32CubeIDE_1.18.0/STM32CubeIDE/plugins/com.st.stm32cube.ide.mcu.externaltools.gnu-tools-for-stm32.13.3.rel1.win32_1.0.0.202411081344/tools/bin/../lib/gcc/arm-none-eabi/13.3.1/../../../../arm-none-eabi/lib/thumb/v7e-m+fp/hard\libc_nano.a(libc_a-nano-vfprintf.o)
 .text.__sfputs_r
                0x080049ba       0x24 C:/ST/STM32CubeIDE_1.18.0/STM32CubeIDE/plugins/com.st.stm32cube.ide.mcu.externaltools.gnu-tools-for-stm32.13.3.rel1.win32_1.0.0.202411081344/tools/bin/../lib/gcc/arm-none-eabi/13.3.1/../../../../arm-none-eabi/lib/thumb/v7e-m+fp/hard\libc_nano.a(libc_a-nano-vfprintf.o)
                0x080049ba                __sfputs_r
 *fill*         0x080049de        0x2 
 .text._vfprintf_r
                0x080049e0      0x230 C:/ST/STM32CubeIDE_1.18.0/STM32CubeIDE/plugins/com.st.stm32cube.ide.mcu.externaltools.gnu-tools-for-stm32.13.3.rel1.win32_1.0.0.202411081344/tools/bin/../lib/gcc/arm-none-eabi/13.3.1/../../../../arm-none-eabi/lib/thumb/v7e-m+fp/hard\libc_nano.a(libc_a-nano-vfprintf.o)
                0x080049e0                _vfprintf_r
                0x080049e0                _vfiprintf_r
 .text._printf_common
                0x08004c10       0xda C:/ST/STM32CubeIDE_1.18.0/STM32CubeIDE/plugins/com.st.stm32cube.ide.mcu.externaltools.gnu-tools-for-stm32.13.3.rel1.win32_1.0.0.202411081344/tools/bin/../lib/gcc/arm-none-eabi/13.3.1/../../../../arm-none-eabi/lib/thumb/v7e-m+fp/hard\libc_nano.a(libc_a-nano-vfprintf_i.o)
                0x08004c10                _printf_common
 *fill*         0x08004cea        0x2 
 .text._printf_i
                0x08004cec      0x23c C:/ST/STM32CubeIDE_1.18.0/STM32CubeIDE/plugins/com.st.stm32cube.ide.mcu.externaltools.gnu-tools-for-stm32.13.3.rel1.win32_1.0.0.202411081344/tools/bin/../lib/gcc/arm-none-eabi/13.3.1/../../../../arm-none-eabi/lib/thumb/v7e-m+fp/hard\libc_nano.a(libc_a-nano-vfprintf_i.o)
                0x08004cec                _printf_i
 .text.__sflush_r
                0x08004f28      0x108 C:/ST/STM32CubeIDE_1.18.0/STM32CubeIDE/plugins/com.st.stm32cube.ide.mcu.externaltools.gnu-tools-for-stm32.13.3.rel1.win32_1.0.0.202411081344/tools/bin/../lib/gcc/arm-none-eabi/13.3.1/../../../../arm-none-eabi/lib/thumb/v7e-m+fp/hard\libc_nano.a(libc_a-fflush.o)
                0x08004f28                __sflush_r
 .text._fflush_r
                0x08005030       0x50 C:/ST/STM32CubeIDE_1.18.0/STM32CubeIDE/plugins/com.st.stm32cube.ide.mcu.externaltools.gnu-tools-for-stm32.13.3.rel1.win32_1.0.0.202411081344/tools/bin/../lib/gcc/arm-none-eabi/13.3.1/../../../../arm-none-eabi/lib/thumb/v7e-m+fp/hard\libc_nano.a(libc_a-fflush.o)
                0x08005030                _fflush_r
 .text.__swbuf_r
                0x08005080       0x7c C:/ST/STM32CubeIDE_1.18.0/STM32CubeIDE/plugins/com.st.stm32cube.ide.mcu.externaltools.gnu-tools-for-stm32.13.3.rel1.win32_1.0.0.202411081344/tools/bin/../lib/gcc/arm-none-eabi/13.3.1/../../../../arm-none-eabi/lib/thumb/v7e-m+fp/hard\libc_nano.a(libc_a-wbuf.o)
                0x08005080                __swbuf_r
 .text.__swsetup_r
                0x080050fc       0xac C:/ST/STM32CubeIDE_1.18.0/STM32CubeIDE/plugins/com.st.stm32cube.ide.mcu.externaltools.gnu-tools-for-stm32.13.3.rel1.win32_1.0.0.202411081344/tools/bin/../lib/gcc/arm-none-eabi/13.3.1/../../../../arm-none-eabi/lib/thumb/v7e-m+fp/hard\libc_nano.a(libc_a-wsetup.o)
                0x080050fc                __swsetup_r
 .text._sbrk_r  0x080051a8       0x20 C:/ST/STM32CubeIDE_1.18.0/STM32CubeIDE/plugins/com.st.stm32cube.ide.mcu.externaltools.gnu-tools-for-stm32.13.3.rel1.win32_1.0.0.202411081344/tools/bin/../lib/gcc/arm-none-eabi/13.3.1/../../../../arm-none-eabi/lib/thumb/v7e-m+fp/hard\libc_nano.a(libc_a-sbrkr.o)
                0x080051a8                _sbrk_r
 .text.__swhatbuf_r
                0x080051c8       0x4c C:/ST/STM32CubeIDE_1.18.0/STM32CubeIDE/plugins/com.st.stm32cube.ide.mcu.externaltools.gnu-tools-for-stm32.13.3.rel1.win32_1.0.0.202411081344/tools/bin/../lib/gcc/arm-none-eabi/13.3.1/../../../../arm-none-eabi/lib/thumb/v7e-m+fp/hard\libc_nano.a(libc_a-makebuf.o)
                0x080051c8                __swhatbuf_r
 .text.__smakebuf_r
                0x08005214       0x78 C:/ST/STM32CubeIDE_1.18.0/STM32CubeIDE/plugins/com.st.stm32cube.ide.mcu.externaltools.gnu-tools-for-stm32.13.3.rel1.win32_1.0.0.202411081344/tools/bin/../lib/gcc/arm-none-eabi/13.3.1/../../../../arm-none-eabi/lib/thumb/v7e-m+fp/hard\libc_nano.a(libc_a-makebuf.o)
                0x08005214                __smakebuf_r
 .text._fstat_r
                0x0800528c       0x24 C:/ST/STM32CubeIDE_1.18.0/STM32CubeIDE/plugins/com.st.stm32cube.ide.mcu.externaltools.gnu-tools-for-stm32.13.3.rel1.win32_1.0.0.202411081344/tools/bin/../lib/gcc/arm-none-eabi/13.3.1/../../../../arm-none-eabi/lib/thumb/v7e-m+fp/hard\libc_nano.a(libc_a-fstatr.o)
                0x0800528c                _fstat_r
 .text._isatty_r
                0x080052b0       0x20 C:/ST/STM32CubeIDE_1.18.0/STM32CubeIDE/plugins/com.st.stm32cube.ide.mcu.externaltools.gnu-tools-for-stm32.13.3.rel1.win32_1.0.0.202411081344/tools/bin/../lib/gcc/arm-none-eabi/13.3.1/../../../../arm-none-eabi/lib/thumb/v7e-m+fp/hard\libc_nano.a(libc_a-isattyr.o)
                0x080052b0                _isatty_r
 .text._sbrk    0x080052d0       0x1c C:/ST/STM32CubeIDE_1.18.0/STM32CubeIDE/plugins/com.st.stm32cube.ide.mcu.externaltools.gnu-tools-for-stm32.13.3.rel1.win32_1.0.0.202411081344/tools/bin/../lib/gcc/arm-none-eabi/13.3.1/../../../../arm-none-eabi/lib/thumb/v7e-m+fp/hard\libnosys.a(sbrk.o)
                0x080052d0                _sbrk
 *(.glue_7)
 .glue_7        0x080052ec        0x0 linker stubs
 *(.glue_7t)
 .glue_7t       0x080052ec        0x0 linker stubs
 *(.eh_frame)
 .eh_frame      0x080052ec        0x0 C:/ST/STM32CubeIDE_1.18.0/STM32CubeIDE/plugins/com.st.stm32cube.ide.mcu.externaltools.gnu-tools-for-stm32.13.3.rel1.win32_1.0.0.202411081344/tools/bin/../lib/gcc/arm-none-eabi/13.3.1/thumb/v7e-m+fp/hard/crtbegin.o
 *(.init)
 .init          0x080052ec        0x4 C:/ST/STM32CubeIDE_1.18.0/STM32CubeIDE/plugins/com.st.stm32cube.ide.mcu.externaltools.gnu-tools-for-stm32.13.3.rel1.win32_1.0.0.202411081344/tools/bin/../lib/gcc/arm-none-eabi/13.3.1/thumb/v7e-m+fp/hard/crti.o
                0x080052ec                _init
 .init          0x080052f0        0x8 C:/ST/STM32CubeIDE_1.18.0/STM32CubeIDE/plugins/com.st.stm32cube.ide.mcu.externaltools.gnu-tools-for-stm32.13.3.rel1.win32_1.0.0.202411081344/tools/bin/../lib/gcc/arm-none-eabi/13.3.1/thumb/v7e-m+fp/hard/crtn.o
 *(.fini)
 .fini          0x080052f8        0x4 C:/ST/STM32CubeIDE_1.18.0/STM32CubeIDE/plugins/com.st.stm32cube.ide.mcu.externaltools.gnu-tools-for-stm32.13.3.rel1.win32_1.0.0.202411081344/tools/bin/../lib/gcc/arm-none-eabi/13.3.1/thumb/v7e-m+fp/hard/crti.o
                0x080052f8                _fini
 .fini          0x080052fc        0x8 C:/ST/STM32CubeIDE_1.18.0/STM32CubeIDE/plugins/com.st.stm32cube.ide.mcu.externaltools.gnu-tools-for-stm32.13.3.rel1.win32_1.0.0.202411081344/tools/bin/../lib/gcc/arm-none-eabi/13.3.1/thumb/v7e-m+fp/hard/crtn.o
                0x08005304                        . = ALIGN (0x4)
                0x08005304                        _etext = .

.vfp11_veneer   0x08005304        0x0
 .vfp11_veneer  0x08005304        0x0 linker stubs

.v4_bx          0x08005304        0x0
 .v4_bx         0x08005304        0x0 linker stubs

.iplt           0x08005304        0x0
 .iplt          0x08005304        0x0 C:/ST/STM32CubeIDE_1.18.0/STM32CubeIDE/plugins/com.st.stm32cube.ide.mcu.externaltools.gnu-tools-for-stm32.13.3.rel1.win32_1.0.0.202411081344/tools/bin/../lib/gcc/arm-none-eabi/13.3.1/thumb/v7e-m+fp/hard/crtbegin.o

.rodata         0x08005304       0xb0
                0x08005304                        . = ALIGN (0x4)
 *(.rodata)
 .rodata        0x08005304       0x45 ./Core/Src/main.o
 *fill*         0x08005349        0x3 
 .rodata        0x0800534c        0x5 ./ThirdParty/FreeRTOS/tasks.o
 *fill*         0x08005351        0x3 
 .rodata        0x08005354        0xd ./ThirdParty/FreeRTOS/timers.o
 *(.rodata*)
 *fill*         0x08005361        0x3 
 .rodata.AHBPrescTable
                0x08005364       0x10 ./Core/Src/system_stm32f4xx.o
                0x08005364                AHBPrescTable
 .rodata.APBPrescTable
                0x08005374        0x8 ./Core/Src/system_stm32f4xx.o
                0x08005374                APBPrescTable
 .rodata.uxTopUsedPriority
                0x0800537c        0x4 ./ThirdParty/FreeRTOS/tasks.o
                0x0800537c                uxTopUsedPriority
 .rodata._vfprintf_r.str1.1
                0x08005380       0x33 C:/ST/STM32CubeIDE_1.18.0/STM32CubeIDE/plugins/com.st.stm32cube.ide.mcu.externaltools.gnu-tools-for-stm32.13.3.rel1.win32_1.0.0.202411081344/tools/bin/../lib/gcc/arm-none-eabi/13.3.1/../../../../arm-none-eabi/lib/thumb/v7e-m+fp/hard\libc_nano.a(libc_a-nano-vfprintf.o)
                                 0x11 (size before relaxing)
 .rodata._printf_i.str1.1
                0x080053b3       0x22 C:/ST/STM32CubeIDE_1.18.0/STM32CubeIDE/plugins/com.st.stm32cube.ide.mcu.externaltools.gnu-tools-for-stm32.13.3.rel1.win32_1.0.0.202411081344/tools/bin/../lib/gcc/arm-none-eabi/13.3.1/../../../../arm-none-eabi/lib/thumb/v7e-m+fp/hard\libc_nano.a(libc_a-nano-vfprintf_i.o)
                0x080053d8                        . = ALIGN (0x4)
 *fill*         0x080053b3        0x1 

.ARM.extab      0x080053b4        0x0
                0x080053b4                        . = ALIGN (0x4)
 *(.ARM.extab* .gnu.linkonce.armextab.*)
                0x080053b4                        . = ALIGN (0x4)

.ARM            0x080053b4        0x8
                0x080053b4                        . = ALIGN (0x4)
                0x080053b4                        __exidx_start = .
 *(.ARM.exidx*)
 .ARM.exidx     0x080053b4        0x8 C:/ST/STM32CubeIDE_1.18.0/STM32CubeIDE/plugins/com.st.stm32cube.ide.mcu.externaltools.gnu-tools-for-stm32.13.3.rel1.win32_1.0.0.202411081344/tools/bin/../lib/gcc/arm-none-eabi/13.3.1/../../../../arm-none-eabi/lib/thumb/v7e-m+fp/hard\libc_nano.a(libc_a-memchr.o)
 .ARM.exidx     0x080053bc        0x0 C:/ST/STM32CubeIDE_1.18.0/STM32CubeIDE/plugins/com.st.stm32cube.ide.mcu.externaltools.gnu-tools-for-stm32.13.3.rel1.win32_1.0.0.202411081344/tools/bin/../lib/gcc/arm-none-eabi/13.3.1/thumb/v7e-m+fp/hard\libgcc.a(_udivmoddi4.o)
                                  0x8 (size before relaxing)
                0x080053bc                        __exidx_end = .
                0x080053bc                        . = ALIGN (0x4)

.preinit_array  0x080053bc        0x0
                0x080053bc                        . = ALIGN (0x4)
                0x080053bc                        PROVIDE (__preinit_array_start = .)
 *(.preinit_array*)
                0x080053bc                        PROVIDE (__preinit_array_end = .)
                0x080053bc                        . = ALIGN (0x4)

.init_array     0x080053bc        0x4
                0x080053bc                        . = ALIGN (0x4)
                0x080053bc                        PROVIDE (__init_array_start = .)
 *(SORT_BY_NAME(.init_array.*))
 *(.init_array*)
 .init_array    0x080053bc        0x4 C:/ST/STM32CubeIDE_1.18.0/STM32CubeIDE/plugins/com.st.stm32cube.ide.mcu.externaltools.gnu-tools-for-stm32.13.3.rel1.win32_1.0.0.202411081344/tools/bin/../lib/gcc/arm-none-eabi/13.3.1/thumb/v7e-m+fp/hard/crtbegin.o
                0x080053c0                        PROVIDE (__init_array_end = .)
                0x080053c0                        . = ALIGN (0x4)

.fini_array     0x080053c0        0x4
                0x080053c0                        . = ALIGN (0x4)
                [!provide]                        PROVIDE (__fini_array_start = .)
 *(SORT_BY_NAME(.fini_array.*))
 *(.fini_array*)
 .fini_array    0x080053c0        0x4 C:/ST/STM32CubeIDE_1.18.0/STM32CubeIDE/plugins/com.st.stm32cube.ide.mcu.externaltools.gnu-tools-for-stm32.13.3.rel1.win32_1.0.0.202411081344/tools/bin/../lib/gcc/arm-none-eabi/13.3.1/thumb/v7e-m+fp/hard/crtbegin.o
                [!provide]                        PROVIDE (__fini_array_end = .)
                0x080053c4                        . = ALIGN (0x4)
                0x080053c4                        _sidata = LOADADDR (.data)

.rel.dyn        0x080053c4        0x0
 .rel.iplt      0x080053c4        0x0 C:/ST/STM32CubeIDE_1.18.0/STM32CubeIDE/plugins/com.st.stm32cube.ide.mcu.externaltools.gnu-tools-for-stm32.13.3.rel1.win32_1.0.0.202411081344/tools/bin/../lib/gcc/arm-none-eabi/13.3.1/thumb/v7e-m+fp/hard/crtbegin.o

.data           0x20000000       0x6c load address 0x080053c4
                0x20000000                        . = ALIGN (0x4)
                0x20000000                        _sdata = .
 *(.data)
 *(.data*)
 .data.SystemCoreClock
                0x20000000        0x4 ./Core/Src/system_stm32f4xx.o
                0x20000000                SystemCoreClock
 .data.uwTickPrio
                0x20000004        0x4 ./Drivers/STM32F4xx_HAL_Driver/Src/stm32f4xx_hal.o
                0x20000004                uwTickPrio
 .data.uwTickFreq
                0x20000008        0x1 ./Drivers/STM32F4xx_HAL_Driver/Src/stm32f4xx_hal.o
                0x20000008                uwTickFreq
 *fill*         0x20000009        0x3 
 .data.uxCriticalNesting
                0x2000000c        0x4 ./ThirdParty/FreeRTOS/portable/GCC/ARM_CM4F/port.o
 .data.__sglue  0x20000010        0xc C:/ST/STM32CubeIDE_1.18.0/STM32CubeIDE/plugins/com.st.stm32cube.ide.mcu.externaltools.gnu-tools-for-stm32.13.3.rel1.win32_1.0.0.202411081344/tools/bin/../lib/gcc/arm-none-eabi/13.3.1/../../../../arm-none-eabi/lib/thumb/v7e-m+fp/hard\libc_nano.a(libc_a-findfp.o)
                0x20000010                __sglue
 .data._impure_ptr
                0x2000001c        0x4 C:/ST/STM32CubeIDE_1.18.0/STM32CubeIDE/plugins/com.st.stm32cube.ide.mcu.externaltools.gnu-tools-for-stm32.13.3.rel1.win32_1.0.0.202411081344/tools/bin/../lib/gcc/arm-none-eabi/13.3.1/../../../../arm-none-eabi/lib/thumb/v7e-m+fp/hard\libc_nano.a(libc_a-impure.o)
                0x2000001c                _impure_ptr
 .data._impure_data
                0x20000020       0x4c C:/ST/STM32CubeIDE_1.18.0/STM32CubeIDE/plugins/com.st.stm32cube.ide.mcu.externaltools.gnu-tools-for-stm32.13.3.rel1.win32_1.0.0.202411081344/tools/bin/../lib/gcc/arm-none-eabi/13.3.1/../../../../arm-none-eabi/lib/thumb/v7e-m+fp/hard\libc_nano.a(libc_a-impure.o)
                0x20000020                _impure_data
 *(.RamFunc)
 *(.RamFunc*)
                0x2000006c                        . = ALIGN (0x4)
                0x2000006c                        _edata = .
                0x08005430                        _siccmram = LOADADDR (.ccmram)

.igot.plt       0x2000006c        0x0 load address 0x08005430
 .igot.plt      0x2000006c        0x0 C:/ST/STM32CubeIDE_1.18.0/STM32CubeIDE/plugins/com.st.stm32cube.ide.mcu.externaltools.gnu-tools-for-stm32.13.3.rel1.win32_1.0.0.202411081344/tools/bin/../lib/gcc/arm-none-eabi/13.3.1/thumb/v7e-m+fp/hard/crtbegin.o

.ccmram         0x10000000        0x0 load address 0x08005430
                0x10000000                        . = ALIGN (0x4)
                0x10000000                        _sccmram = .
 *(.ccmram)
 *(.ccmram*)
                0x10000000                        . = ALIGN (0x4)
                0x10000000                        _eccmram = .
                0x10000000                        . = ALIGN (0x4)

.bss            0x2000006c    0x12f5c
                0x2000006c                        _sbss = .
                0x2000006c                        __bss_start__ = _sbss
 *(.bss)
 .bss           0x2000006c       0x1c C:/ST/STM32CubeIDE_1.18.0/STM32CubeIDE/plugins/com.st.stm32cube.ide.mcu.externaltools.gnu-tools-for-stm32.13.3.rel1.win32_1.0.0.202411081344/tools/bin/../lib/gcc/arm-none-eabi/13.3.1/thumb/v7e-m+fp/hard/crtbegin.o
 *(.bss*)
 .bss.htim6     0x20000088       0x48 ./Core/Src/stm32f4xx_hal_timebase_tim.o
                0x20000088                htim6
 .bss.uwTick    0x200000d0        0x4 ./Drivers/STM32F4xx_HAL_Driver/Src/stm32f4xx_hal.o
                0x200000d0                uwTick
 .bss.xQueueRegistry
                0x200000d4       0x40 ./ThirdParty/FreeRTOS/queue.o
                0x200000d4                xQueueRegistry
 .bss.pxCurrentTCB
                0x20000114        0x4 ./ThirdParty/FreeRTOS/tasks.o
                0x20000114                pxCurrentTCB
 .bss.pxReadyTasksLists
                0x20000118       0x64 ./ThirdParty/FreeRTOS/tasks.o
 .bss.xDelayedTaskList1
                0x2000017c       0x14 ./ThirdParty/FreeRTOS/tasks.o
 .bss.xDelayedTaskList2
                0x20000190       0x14 ./ThirdParty/FreeRTOS/tasks.o
 .bss.pxDelayedTaskList
                0x200001a4        0x4 ./ThirdParty/FreeRTOS/tasks.o
 .bss.pxOverflowDelayedTaskList
                0x200001a8        0x4 ./ThirdParty/FreeRTOS/tasks.o
 .bss.xPendingReadyList
                0x200001ac       0x14 ./ThirdParty/FreeRTOS/tasks.o
 .bss.xTasksWaitingTermination
                0x200001c0       0x14 ./ThirdParty/FreeRTOS/tasks.o
 .bss.uxDeletedTasksWaitingCleanUp
                0x200001d4        0x4 ./ThirdParty/FreeRTOS/tasks.o
 .bss.xSuspendedTaskList
                0x200001d8       0x14 ./ThirdParty/FreeRTOS/tasks.o
 .bss.uxCurrentNumberOfTasks
                0x200001ec        0x4 ./ThirdParty/FreeRTOS/tasks.o
 .bss.xTickCount
                0x200001f0        0x4 ./ThirdParty/FreeRTOS/tasks.o
 .bss.uxTopReadyPriority
                0x200001f4        0x4 ./ThirdParty/FreeRTOS/tasks.o
 .bss.xSchedulerRunning
                0x200001f8        0x4 ./ThirdParty/FreeRTOS/tasks.o
 .bss.xPendedTicks
                0x200001fc        0x4 ./ThirdParty/FreeRTOS/tasks.o
 .bss.xYieldPending
                0x20000200        0x4 ./ThirdParty/FreeRTOS/tasks.o
 .bss.xNumOfOverflows
                0x20000204        0x4 ./ThirdParty/FreeRTOS/tasks.o
 .bss.uxTaskNumber
                0x20000208        0x4 ./ThirdParty/FreeRTOS/tasks.o
 .bss.xNextTaskUnblockTime
                0x2000020c        0x4 ./ThirdParty/FreeRTOS/tasks.o
 .bss.xIdleTaskHandle
                0x20000210        0x4 ./ThirdParty/FreeRTOS/tasks.o
 .bss.uxSchedulerSuspended
                0x20000214        0x4 ./ThirdParty/FreeRTOS/tasks.o
 .bss.xActiveTimerList1
                0x20000218       0x14 ./ThirdParty/FreeRTOS/timers.o
 .bss.xActiveTimerList2
                0x2000022c       0x14 ./ThirdParty/FreeRTOS/timers.o
 .bss.pxCurrentTimerList
                0x20000240        0x4 ./ThirdParty/FreeRTOS/timers.o
 .bss.pxOverflowTimerList
                0x20000244        0x4 ./ThirdParty/FreeRTOS/timers.o
 .bss.xTimerQueue
                0x20000248        0x4 ./ThirdParty/FreeRTOS/timers.o
 .bss.xTimerTaskHandle
                0x2000024c        0x4 ./ThirdParty/FreeRTOS/timers.o
 .bss.xLastTime.0
                0x20000250        0x4 ./ThirdParty/FreeRTOS/timers.o
 .bss.ucMaxSysCallPriority
                0x20000254        0x1 ./ThirdParty/FreeRTOS/portable/GCC/ARM_CM4F/port.o
 *fill*         0x20000255        0x3 
 .bss.ulMaxPRIGROUPValue
                0x20000258        0x4 ./ThirdParty/FreeRTOS/portable/GCC/ARM_CM4F/port.o
 .bss.ucHeap    0x2000025c    0x12c00 ./ThirdParty/FreeRTOS/portable/MemMang/heap_4.o
 .bss.xStart    0x20012e5c        0x8 ./ThirdParty/FreeRTOS/portable/MemMang/heap_4.o
 .bss.pxEnd     0x20012e64        0x4 ./ThirdParty/FreeRTOS/portable/MemMang/heap_4.o
 .bss.xFreeBytesRemaining
                0x20012e68        0x4 ./ThirdParty/FreeRTOS/portable/MemMang/heap_4.o
 .bss.xMinimumEverFreeBytesRemaining
                0x20012e6c        0x4 ./ThirdParty/FreeRTOS/portable/MemMang/heap_4.o
 .bss.xNumberOfSuccessfulAllocations
                0x20012e70        0x4 ./ThirdParty/FreeRTOS/portable/MemMang/heap_4.o
 .bss.xNumberOfSuccessfulFrees
                0x20012e74        0x4 ./ThirdParty/FreeRTOS/portable/MemMang/heap_4.o
 .bss.__sf      0x20012e78      0x138 C:/ST/STM32CubeIDE_1.18.0/STM32CubeIDE/plugins/com.st.stm32cube.ide.mcu.externaltools.gnu-tools-for-stm32.13.3.rel1.win32_1.0.0.202411081344/tools/bin/../lib/gcc/arm-none-eabi/13.3.1/../../../../arm-none-eabi/lib/thumb/v7e-m+fp/hard\libc_nano.a(libc_a-findfp.o)
                0x20012e78                __sf
 .bss.__stdio_exit_handler
                0x20012fb0        0x4 C:/ST/STM32CubeIDE_1.18.0/STM32CubeIDE/plugins/com.st.stm32cube.ide.mcu.externaltools.gnu-tools-for-stm32.13.3.rel1.win32_1.0.0.202411081344/tools/bin/../lib/gcc/arm-none-eabi/13.3.1/../../../../arm-none-eabi/lib/thumb/v7e-m+fp/hard\libc_nano.a(libc_a-findfp.o)
                0x20012fb0                __stdio_exit_handler
 .bss.errno     0x20012fb4        0x4 C:/ST/STM32CubeIDE_1.18.0/STM32CubeIDE/plugins/com.st.stm32cube.ide.mcu.externaltools.gnu-tools-for-stm32.13.3.rel1.win32_1.0.0.202411081344/tools/bin/../lib/gcc/arm-none-eabi/13.3.1/../../../../arm-none-eabi/lib/thumb/v7e-m+fp/hard\libc_nano.a(libc_a-reent.o)
                0x20012fb4                errno
 .bss.__lock___malloc_recursive_mutex
                0x20012fb8        0x1 C:/ST/STM32CubeIDE_1.18.0/STM32CubeIDE/plugins/com.st.stm32cube.ide.mcu.externaltools.gnu-tools-for-stm32.13.3.rel1.win32_1.0.0.202411081344/tools/bin/../lib/gcc/arm-none-eabi/13.3.1/../../../../arm-none-eabi/lib/thumb/v7e-m+fp/hard\libc_nano.a(libc_a-lock.o)
                0x20012fb8                __lock___malloc_recursive_mutex
 .bss.__lock___sfp_recursive_mutex
                0x20012fb9        0x1 C:/ST/STM32CubeIDE_1.18.0/STM32CubeIDE/plugins/com.st.stm32cube.ide.mcu.externaltools.gnu-tools-for-stm32.13.3.rel1.win32_1.0.0.202411081344/tools/bin/../lib/gcc/arm-none-eabi/13.3.1/../../../../arm-none-eabi/lib/thumb/v7e-m+fp/hard\libc_nano.a(libc_a-lock.o)
                0x20012fb9                __lock___sfp_recursive_mutex
 *fill*         0x20012fba        0x2 
 .bss.__malloc_sbrk_start
                0x20012fbc        0x4 C:/ST/STM32CubeIDE_1.18.0/STM32CubeIDE/plugins/com.st.stm32cube.ide.mcu.externaltools.gnu-tools-for-stm32.13.3.rel1.win32_1.0.0.202411081344/tools/bin/../lib/gcc/arm-none-eabi/13.3.1/../../../../arm-none-eabi/lib/thumb/v7e-m+fp/hard\libc_nano.a(libc_a-mallocr.o)
                0x20012fbc                __malloc_sbrk_start
 .bss.__malloc_free_list
                0x20012fc0        0x4 C:/ST/STM32CubeIDE_1.18.0/STM32CubeIDE/plugins/com.st.stm32cube.ide.mcu.externaltools.gnu-tools-for-stm32.13.3.rel1.win32_1.0.0.202411081344/tools/bin/../lib/gcc/arm-none-eabi/13.3.1/../../../../arm-none-eabi/lib/thumb/v7e-m+fp/hard\libc_nano.a(libc_a-mallocr.o)
                0x20012fc0                __malloc_free_list
 .bss.heap_end.0
                0x20012fc4        0x4 C:/ST/STM32CubeIDE_1.18.0/STM32CubeIDE/plugins/com.st.stm32cube.ide.mcu.externaltools.gnu-tools-for-stm32.13.3.rel1.win32_1.0.0.202411081344/tools/bin/../lib/gcc/arm-none-eabi/13.3.1/../../../../arm-none-eabi/lib/thumb/v7e-m+fp/hard\libnosys.a(sbrk.o)
 *(COMMON)
                0x20012fc8                        . = ALIGN (0x4)
                0x20012fc8                        _ebss = .
                0x20012fc8                        __bss_end__ = _ebss

._user_heap_stack
                0x20012fc8      0x600
                0x20012fc8                        . = ALIGN (0x8)
                0x20012fc8                        PROVIDE (end = .)
                [!provide]                        PROVIDE (_end = .)
                0x200131c8                        . = (. + _Min_Heap_Size)
 *fill*         0x20012fc8      0x200 
                0x200135c8                        . = (. + _Min_Stack_Size)
 *fill*         0x200131c8      0x400 
                0x200135c8                        . = ALIGN (0x8)

/DISCARD/
 libc.a(*)
 libm.a(*)
 libgcc.a(*)

.ARM.attributes
                0x00000000       0x30
 *(.ARM.attributes)
 .ARM.attributes
                0x00000000       0x22 C:/ST/STM32CubeIDE_1.18.0/STM32CubeIDE/plugins/com.st.stm32cube.ide.mcu.externaltools.gnu-tools-for-stm32.13.3.rel1.win32_1.0.0.202411081344/tools/bin/../lib/gcc/arm-none-eabi/13.3.1/thumb/v7e-m+fp/hard/crti.o
 .ARM.attributes
                0x00000022       0x34 C:/ST/STM32CubeIDE_1.18.0/STM32CubeIDE/plugins/com.st.stm32cube.ide.mcu.externaltools.gnu-tools-for-stm32.13.3.rel1.win32_1.0.0.202411081344/tools/bin/../lib/gcc/arm-none-eabi/13.3.1/thumb/v7e-m+fp/hard/crtbegin.o
 .ARM.attributes
                0x00000056       0x34 ./Core/Src/main.o
 .ARM.attributes
                0x0000008a       0x34 ./Core/Src/stm32f4xx_hal_msp.o
 .ARM.attributes
                0x000000be       0x34 ./Core/Src/stm32f4xx_hal_timebase_tim.o
 .ARM.attributes
                0x000000f2       0x34 ./Core/Src/stm32f4xx_it.o
 .ARM.attributes
                0x00000126       0x34 ./Core/Src/syscalls.o
 .ARM.attributes
                0x0000015a       0x34 ./Core/Src/system_stm32f4xx.o
 .ARM.attributes
                0x0000018e       0x21 ./Core/Startup/startup_stm32f407vgtx.o
 .ARM.attributes
                0x000001af       0x34 ./Drivers/STM32F4xx_HAL_Driver/Src/stm32f4xx_hal.o
 .ARM.attributes
                0x000001e3       0x34 ./Drivers/STM32F4xx_HAL_Driver/Src/stm32f4xx_hal_cortex.o
 .ARM.attributes
                0x00000217       0x34 ./Drivers/STM32F4xx_HAL_Driver/Src/stm32f4xx_hal_gpio.o
 .ARM.attributes
                0x0000024b       0x34 ./Drivers/STM32F4xx_HAL_Driver/Src/stm32f4xx_hal_rcc.o
 .ARM.attributes
                0x0000027f       0x34 ./Drivers/STM32F4xx_HAL_Driver/Src/stm32f4xx_hal_tim.o
 .ARM.attributes
                0x000002b3       0x34 ./Drivers/STM32F4xx_HAL_Driver/Src/stm32f4xx_hal_tim_ex.o
 .ARM.attributes
                0x000002e7       0x34 ./ThirdParty/FreeRTOS/list.o
 .ARM.attributes
                0x0000031b       0x34 ./ThirdParty/FreeRTOS/queue.o
 .ARM.attributes
                0x0000034f       0x34 ./ThirdParty/FreeRTOS/tasks.o
 .ARM.attributes
                0x00000383       0x34 ./ThirdParty/FreeRTOS/timers.o
 .ARM.attributes
                0x000003b7       0x34 ./ThirdParty/FreeRTOS/portable/GCC/ARM_CM4F/port.o
 .ARM.attributes
                0x000003eb       0x34 ./ThirdParty/FreeRTOS/portable/MemMang/heap_4.o
 .ARM.attributes
                0x0000041f       0x34 C:/ST/STM32CubeIDE_1.18.0/STM32CubeIDE/plugins/com.st.stm32cube.ide.mcu.externaltools.gnu-tools-for-stm32.13.3.rel1.win32_1.0.0.202411081344/tools/bin/../lib/gcc/arm-none-eabi/13.3.1/../../../../arm-none-eabi/lib/thumb/v7e-m+fp/hard\libc_nano.a(libc_a-findfp.o)
 .ARM.attributes
                0x00000453       0x34 C:/ST/STM32CubeIDE_1.18.0/STM32CubeIDE/plugins/com.st.stm32cube.ide.mcu.externaltools.gnu-tools-for-stm32.13.3.rel1.win32_1.0.0.202411081344/tools/bin/../lib/gcc/arm-none-eabi/13.3.1/../../../../arm-none-eabi/lib/thumb/v7e-m+fp/hard\libc_nano.a(libc_a-fwalk.o)
 .ARM.attributes
                0x00000487       0x34 C:/ST/STM32CubeIDE_1.18.0/STM32CubeIDE/plugins/com.st.stm32cube.ide.mcu.externaltools.gnu-tools-for-stm32.13.3.rel1.win32_1.0.0.202411081344/tools/bin/../lib/gcc/arm-none-eabi/13.3.1/../../../../arm-none-eabi/lib/thumb/v7e-m+fp/hard\libc_nano.a(libc_a-printf.o)
 .ARM.attributes
                0x000004bb       0x34 C:/ST/STM32CubeIDE_1.18.0/STM32CubeIDE/plugins/com.st.stm32cube.ide.mcu.externaltools.gnu-tools-for-stm32.13.3.rel1.win32_1.0.0.202411081344/tools/bin/../lib/gcc/arm-none-eabi/13.3.1/../../../../arm-none-eabi/lib/thumb/v7e-m+fp/hard\libc_nano.a(libc_a-stdio.o)
 .ARM.attributes
                0x000004ef       0x34 C:/ST/STM32CubeIDE_1.18.0/STM32CubeIDE/plugins/com.st.stm32cube.ide.mcu.externaltools.gnu-tools-for-stm32.13.3.rel1.win32_1.0.0.202411081344/tools/bin/../lib/gcc/arm-none-eabi/13.3.1/../../../../arm-none-eabi/lib/thumb/v7e-m+fp/hard\libc_nano.a(libc_a-memset.o)
 .ARM.attributes
                0x00000523       0x34 C:/ST/STM32CubeIDE_1.18.0/STM32CubeIDE/plugins/com.st.stm32cube.ide.mcu.externaltools.gnu-tools-for-stm32.13.3.rel1.win32_1.0.0.202411081344/tools/bin/../lib/gcc/arm-none-eabi/13.3.1/../../../../arm-none-eabi/lib/thumb/v7e-m+fp/hard\libc_nano.a(libc_a-closer.o)
 .ARM.attributes
                0x00000557       0x34 C:/ST/STM32CubeIDE_1.18.0/STM32CubeIDE/plugins/com.st.stm32cube.ide.mcu.externaltools.gnu-tools-for-stm32.13.3.rel1.win32_1.0.0.202411081344/tools/bin/../lib/gcc/arm-none-eabi/13.3.1/../../../../arm-none-eabi/lib/thumb/v7e-m+fp/hard\libc_nano.a(libc_a-reent.o)
 .ARM.attributes
                0x0000058b       0x34 C:/ST/STM32CubeIDE_1.18.0/STM32CubeIDE/plugins/com.st.stm32cube.ide.mcu.externaltools.gnu-tools-for-stm32.13.3.rel1.win32_1.0.0.202411081344/tools/bin/../lib/gcc/arm-none-eabi/13.3.1/../../../../arm-none-eabi/lib/thumb/v7e-m+fp/hard\libc_nano.a(libc_a-impure.o)
 .ARM.attributes
                0x000005bf       0x34 C:/ST/STM32CubeIDE_1.18.0/STM32CubeIDE/plugins/com.st.stm32cube.ide.mcu.externaltools.gnu-tools-for-stm32.13.3.rel1.win32_1.0.0.202411081344/tools/bin/../lib/gcc/arm-none-eabi/13.3.1/../../../../arm-none-eabi/lib/thumb/v7e-m+fp/hard\libc_nano.a(libc_a-lseekr.o)
 .ARM.attributes
                0x000005f3       0x34 C:/ST/STM32CubeIDE_1.18.0/STM32CubeIDE/plugins/com.st.stm32cube.ide.mcu.externaltools.gnu-tools-for-stm32.13.3.rel1.win32_1.0.0.202411081344/tools/bin/../lib/gcc/arm-none-eabi/13.3.1/../../../../arm-none-eabi/lib/thumb/v7e-m+fp/hard\libc_nano.a(libc_a-readr.o)
 .ARM.attributes
                0x00000627       0x34 C:/ST/STM32CubeIDE_1.18.0/STM32CubeIDE/plugins/com.st.stm32cube.ide.mcu.externaltools.gnu-tools-for-stm32.13.3.rel1.win32_1.0.0.202411081344/tools/bin/../lib/gcc/arm-none-eabi/13.3.1/../../../../arm-none-eabi/lib/thumb/v7e-m+fp/hard\libc_nano.a(libc_a-writer.o)
 .ARM.attributes
                0x0000065b       0x34 C:/ST/STM32CubeIDE_1.18.0/STM32CubeIDE/plugins/com.st.stm32cube.ide.mcu.externaltools.gnu-tools-for-stm32.13.3.rel1.win32_1.0.0.202411081344/tools/bin/../lib/gcc/arm-none-eabi/13.3.1/../../../../arm-none-eabi/lib/thumb/v7e-m+fp/hard\libc_nano.a(libc_a-init.o)
 .ARM.attributes
                0x0000068f       0x34 C:/ST/STM32CubeIDE_1.18.0/STM32CubeIDE/plugins/com.st.stm32cube.ide.mcu.externaltools.gnu-tools-for-stm32.13.3.rel1.win32_1.0.0.202411081344/tools/bin/../lib/gcc/arm-none-eabi/13.3.1/../../../../arm-none-eabi/lib/thumb/v7e-m+fp/hard\libc_nano.a(libc_a-lock.o)
 .ARM.attributes
                0x000006c3       0x34 C:/ST/STM32CubeIDE_1.18.0/STM32CubeIDE/plugins/com.st.stm32cube.ide.mcu.externaltools.gnu-tools-for-stm32.13.3.rel1.win32_1.0.0.202411081344/tools/bin/../lib/gcc/arm-none-eabi/13.3.1/../../../../arm-none-eabi/lib/thumb/v7e-m+fp/hard\libc_nano.a(libc_a-memcpy-stub.o)
 .ARM.attributes
                0x000006f7       0x34 C:/ST/STM32CubeIDE_1.18.0/STM32CubeIDE/plugins/com.st.stm32cube.ide.mcu.externaltools.gnu-tools-for-stm32.13.3.rel1.win32_1.0.0.202411081344/tools/bin/../lib/gcc/arm-none-eabi/13.3.1/../../../../arm-none-eabi/lib/thumb/v7e-m+fp/hard\libc_nano.a(libc_a-freer.o)
 .ARM.attributes
                0x0000072b       0x34 C:/ST/STM32CubeIDE_1.18.0/STM32CubeIDE/plugins/com.st.stm32cube.ide.mcu.externaltools.gnu-tools-for-stm32.13.3.rel1.win32_1.0.0.202411081344/tools/bin/../lib/gcc/arm-none-eabi/13.3.1/../../../../arm-none-eabi/lib/thumb/v7e-m+fp/hard\libc_nano.a(libc_a-mallocr.o)
 .ARM.attributes
                0x0000075f       0x34 C:/ST/STM32CubeIDE_1.18.0/STM32CubeIDE/plugins/com.st.stm32cube.ide.mcu.externaltools.gnu-tools-for-stm32.13.3.rel1.win32_1.0.0.202411081344/tools/bin/../lib/gcc/arm-none-eabi/13.3.1/../../../../arm-none-eabi/lib/thumb/v7e-m+fp/hard\libc_nano.a(libc_a-mlock.o)
 .ARM.attributes
                0x00000793       0x34 C:/ST/STM32CubeIDE_1.18.0/STM32CubeIDE/plugins/com.st.stm32cube.ide.mcu.externaltools.gnu-tools-for-stm32.13.3.rel1.win32_1.0.0.202411081344/tools/bin/../lib/gcc/arm-none-eabi/13.3.1/../../../../arm-none-eabi/lib/thumb/v7e-m+fp/hard\libc_nano.a(libc_a-nano-vfprintf.o)
 .ARM.attributes
                0x000007c7       0x34 C:/ST/STM32CubeIDE_1.18.0/STM32CubeIDE/plugins/com.st.stm32cube.ide.mcu.externaltools.gnu-tools-for-stm32.13.3.rel1.win32_1.0.0.202411081344/tools/bin/../lib/gcc/arm-none-eabi/13.3.1/../../../../arm-none-eabi/lib/thumb/v7e-m+fp/hard\libc_nano.a(libc_a-nano-vfprintf_i.o)
 .ARM.attributes
                0x000007fb       0x34 C:/ST/STM32CubeIDE_1.18.0/STM32CubeIDE/plugins/com.st.stm32cube.ide.mcu.externaltools.gnu-tools-for-stm32.13.3.rel1.win32_1.0.0.202411081344/tools/bin/../lib/gcc/arm-none-eabi/13.3.1/../../../../arm-none-eabi/lib/thumb/v7e-m+fp/hard\libc_nano.a(libc_a-fflush.o)
 .ARM.attributes
                0x0000082f       0x34 C:/ST/STM32CubeIDE_1.18.0/STM32CubeIDE/plugins/com.st.stm32cube.ide.mcu.externaltools.gnu-tools-for-stm32.13.3.rel1.win32_1.0.0.202411081344/tools/bin/../lib/gcc/arm-none-eabi/13.3.1/../../../../arm-none-eabi/lib/thumb/v7e-m+fp/hard\libc_nano.a(libc_a-wbuf.o)
 .ARM.attributes
                0x00000863       0x34 C:/ST/STM32CubeIDE_1.18.0/STM32CubeIDE/plugins/com.st.stm32cube.ide.mcu.externaltools.gnu-tools-for-stm32.13.3.rel1.win32_1.0.0.202411081344/tools/bin/../lib/gcc/arm-none-eabi/13.3.1/../../../../arm-none-eabi/lib/thumb/v7e-m+fp/hard\libc_nano.a(libc_a-wsetup.o)
 .ARM.attributes
                0x00000897       0x34 C:/ST/STM32CubeIDE_1.18.0/STM32CubeIDE/plugins/com.st.stm32cube.ide.mcu.externaltools.gnu-tools-for-stm32.13.3.rel1.win32_1.0.0.202411081344/tools/bin/../lib/gcc/arm-none-eabi/13.3.1/../../../../arm-none-eabi/lib/thumb/v7e-m+fp/hard\libc_nano.a(libc_a-sbrkr.o)
 .ARM.attributes
                0x000008cb       0x1c C:/ST/STM32CubeIDE_1.18.0/STM32CubeIDE/plugins/com.st.stm32cube.ide.mcu.externaltools.gnu-tools-for-stm32.13.3.rel1.win32_1.0.0.202411081344/tools/bin/../lib/gcc/arm-none-eabi/13.3.1/../../../../arm-none-eabi/lib/thumb/v7e-m+fp/hard\libc_nano.a(libc_a-memchr.o)
 .ARM.attributes
                0x000008e7       0x34 C:/ST/STM32CubeIDE_1.18.0/STM32CubeIDE/plugins/com.st.stm32cube.ide.mcu.externaltools.gnu-tools-for-stm32.13.3.rel1.win32_1.0.0.202411081344/tools/bin/../lib/gcc/arm-none-eabi/13.3.1/../../../../arm-none-eabi/lib/thumb/v7e-m+fp/hard\libc_nano.a(libc_a-makebuf.o)
 .ARM.attributes
                0x0000091b       0x34 C:/ST/STM32CubeIDE_1.18.0/STM32CubeIDE/plugins/com.st.stm32cube.ide.mcu.externaltools.gnu-tools-for-stm32.13.3.rel1.win32_1.0.0.202411081344/tools/bin/../lib/gcc/arm-none-eabi/13.3.1/../../../../arm-none-eabi/lib/thumb/v7e-m+fp/hard\libc_nano.a(libc_a-fstatr.o)
 .ARM.attributes
                0x0000094f       0x34 C:/ST/STM32CubeIDE_1.18.0/STM32CubeIDE/plugins/com.st.stm32cube.ide.mcu.externaltools.gnu-tools-for-stm32.13.3.rel1.win32_1.0.0.202411081344/tools/bin/../lib/gcc/arm-none-eabi/13.3.1/../../../../arm-none-eabi/lib/thumb/v7e-m+fp/hard\libc_nano.a(libc_a-isattyr.o)
 .ARM.attributes
                0x00000983       0x22 C:/ST/STM32CubeIDE_1.18.0/STM32CubeIDE/plugins/com.st.stm32cube.ide.mcu.externaltools.gnu-tools-for-stm32.13.3.rel1.win32_1.0.0.202411081344/tools/bin/../lib/gcc/arm-none-eabi/13.3.1/thumb/v7e-m+fp/hard\libgcc.a(_aeabi_uldivmod.o)
 .ARM.attributes
                0x000009a5       0x34 C:/ST/STM32CubeIDE_1.18.0/STM32CubeIDE/plugins/com.st.stm32cube.ide.mcu.externaltools.gnu-tools-for-stm32.13.3.rel1.win32_1.0.0.202411081344/tools/bin/../lib/gcc/arm-none-eabi/13.3.1/thumb/v7e-m+fp/hard\libgcc.a(_udivmoddi4.o)
 .ARM.attributes
                0x000009d9       0x22 C:/ST/STM32CubeIDE_1.18.0/STM32CubeIDE/plugins/com.st.stm32cube.ide.mcu.externaltools.gnu-tools-for-stm32.13.3.rel1.win32_1.0.0.202411081344/tools/bin/../lib/gcc/arm-none-eabi/13.3.1/thumb/v7e-m+fp/hard\libgcc.a(_dvmd_tls.o)
 .ARM.attributes
                0x000009fb       0x34 C:/ST/STM32CubeIDE_1.18.0/STM32CubeIDE/plugins/com.st.stm32cube.ide.mcu.externaltools.gnu-tools-for-stm32.13.3.rel1.win32_1.0.0.202411081344/tools/bin/../lib/gcc/arm-none-eabi/13.3.1/../../../../arm-none-eabi/lib/thumb/v7e-m+fp/hard\libnosys.a(sbrk.o)
 .ARM.attributes
                0x00000a2f       0x22 C:/ST/STM32CubeIDE_1.18.0/STM32CubeIDE/plugins/com.st.stm32cube.ide.mcu.externaltools.gnu-tools-for-stm32.13.3.rel1.win32_1.0.0.202411081344/tools/bin/../lib/gcc/arm-none-eabi/13.3.1/thumb/v7e-m+fp/hard/crtn.o
OUTPUT(001Tasks.elf elf32-littlearm)
LOAD linker stubs
LOAD C:/ST/STM32CubeIDE_1.18.0/STM32CubeIDE/plugins/com.st.stm32cube.ide.mcu.externaltools.gnu-tools-for-stm32.13.3.rel1.win32_1.0.0.202411081344/tools/bin/../lib/gcc/arm-none-eabi/13.3.1/../../../../arm-none-eabi/lib/thumb/v7e-m+fp/hard\libc.a
LOAD C:/ST/STM32CubeIDE_1.18.0/STM32CubeIDE/plugins/com.st.stm32cube.ide.mcu.externaltools.gnu-tools-for-stm32.13.3.rel1.win32_1.0.0.202411081344/tools/bin/../lib/gcc/arm-none-eabi/13.3.1/../../../../arm-none-eabi/lib/thumb/v7e-m+fp/hard\libm.a
LOAD C:/ST/STM32CubeIDE_1.18.0/STM32CubeIDE/plugins/com.st.stm32cube.ide.mcu.externaltools.gnu-tools-for-stm32.13.3.rel1.win32_1.0.0.202411081344/tools/bin/../lib/gcc/arm-none-eabi/13.3.1/thumb/v7e-m+fp/hard\libgcc.a

.debug_info     0x00000000     0xebf1
 .debug_info    0x00000000      0xe6c ./Core/Src/main.o
 .debug_info    0x00000e6c      0x269 ./Core/Src/stm32f4xx_hal_msp.o
 .debug_info    0x000010d5      0xbee ./Core/Src/stm32f4xx_hal_timebase_tim.o
 .debug_info    0x00001cc3      0x6ab ./Core/Src/stm32f4xx_it.o
 .debug_info    0x0000236e      0x6d1 ./Core/Src/syscalls.o
 .debug_info    0x00002a3f      0x512 ./Core/Src/system_stm32f4xx.o
 .debug_info    0x00002f51       0x30 ./Core/Startup/startup_stm32f407vgtx.o
 .debug_info    0x00002f81      0x944 ./Drivers/STM32F4xx_HAL_Driver/Src/stm32f4xx_hal.o
 .debug_info    0x000038c5      0xd8c ./Drivers/STM32F4xx_HAL_Driver/Src/stm32f4xx_hal_cortex.o
 .debug_info    0x00004651      0x6c3 ./Drivers/STM32F4xx_HAL_Driver/Src/stm32f4xx_hal_gpio.o
 .debug_info    0x00004d14      0x8af ./Drivers/STM32F4xx_HAL_Driver/Src/stm32f4xx_hal_rcc.o
 .debug_info    0x000055c3     0x299d ./Drivers/STM32F4xx_HAL_Driver/Src/stm32f4xx_hal_tim.o
 .debug_info    0x00007f60     0x14db ./Drivers/STM32F4xx_HAL_Driver/Src/stm32f4xx_hal_tim_ex.o
 .debug_info    0x0000943b      0x2af ./ThirdParty/FreeRTOS/list.o
 .debug_info    0x000096ea     0x184f ./ThirdParty/FreeRTOS/queue.o
 .debug_info    0x0000af39     0x2494 ./ThirdParty/FreeRTOS/tasks.o
 .debug_info    0x0000d3cd      0xe20 ./ThirdParty/FreeRTOS/timers.o
 .debug_info    0x0000e1ed      0x4e1 ./ThirdParty/FreeRTOS/portable/GCC/ARM_CM4F/port.o
 .debug_info    0x0000e6ce      0x523 ./ThirdParty/FreeRTOS/portable/MemMang/heap_4.o

.debug_abbrev   0x00000000     0x287a
 .debug_abbrev  0x00000000      0x311 ./Core/Src/main.o
 .debug_abbrev  0x00000311       0xd8 ./Core/Src/stm32f4xx_hal_msp.o
 .debug_abbrev  0x000003e9      0x1f4 ./Core/Src/stm32f4xx_hal_timebase_tim.o
 .debug_abbrev  0x000005dd      0x17d ./Core/Src/stm32f4xx_it.o
 .debug_abbrev  0x0000075a      0x1b1 ./Core/Src/syscalls.o
 .debug_abbrev  0x0000090b      0x11a ./Core/Src/system_stm32f4xx.o
 .debug_abbrev  0x00000a25       0x24 ./Core/Startup/startup_stm32f407vgtx.o
 .debug_abbrev  0x00000a49      0x214 ./Drivers/STM32F4xx_HAL_Driver/Src/stm32f4xx_hal.o
 .debug_abbrev  0x00000c5d      0x31d ./Drivers/STM32F4xx_HAL_Driver/Src/stm32f4xx_hal_cortex.o
 .debug_abbrev  0x00000f7a      0x1d4 ./Drivers/STM32F4xx_HAL_Driver/Src/stm32f4xx_hal_gpio.o
 .debug_abbrev  0x0000114e      0x2b7 ./Drivers/STM32F4xx_HAL_Driver/Src/stm32f4xx_hal_rcc.o
 .debug_abbrev  0x00001405      0x278 ./Drivers/STM32F4xx_HAL_Driver/Src/stm32f4xx_hal_tim.o
 .debug_abbrev  0x0000167d      0x283 ./Drivers/STM32F4xx_HAL_Driver/Src/stm32f4xx_hal_tim_ex.o
 .debug_abbrev  0x00001900       0xf5 ./ThirdParty/FreeRTOS/list.o
 .debug_abbrev  0x000019f5      0x323 ./ThirdParty/FreeRTOS/queue.o
 .debug_abbrev  0x00001d18      0x3e7 ./ThirdParty/FreeRTOS/tasks.o
 .debug_abbrev  0x000020ff      0x2cb ./ThirdParty/FreeRTOS/timers.o
 .debug_abbrev  0x000023ca      0x25a ./ThirdParty/FreeRTOS/portable/GCC/ARM_CM4F/port.o
 .debug_abbrev  0x00002624      0x256 ./ThirdParty/FreeRTOS/portable/MemMang/heap_4.o

.debug_aranges  0x00000000      0xf68
 .debug_aranges
                0x00000000       0x50 ./Core/Src/main.o
 .debug_aranges
                0x00000050       0x20 ./Core/Src/stm32f4xx_hal_msp.o
 .debug_aranges
                0x00000070       0x30 ./Core/Src/stm32f4xx_hal_timebase_tim.o
 .debug_aranges
                0x000000a0       0x50 ./Core/Src/stm32f4xx_it.o
 .debug_aranges
                0x000000f0       0xb0 ./Core/Src/syscalls.o
 .debug_aranges
                0x000001a0       0x28 ./Core/Src/system_stm32f4xx.o
 .debug_aranges
                0x000001c8       0x28 ./Core/Startup/startup_stm32f407vgtx.o
 .debug_aranges
                0x000001f0       0xf0 ./Drivers/STM32F4xx_HAL_Driver/Src/stm32f4xx_hal.o
 .debug_aranges
                0x000002e0      0x130 ./Drivers/STM32F4xx_HAL_Driver/Src/stm32f4xx_hal_cortex.o
 .debug_aranges
                0x00000410       0x58 ./Drivers/STM32F4xx_HAL_Driver/Src/stm32f4xx_hal_gpio.o
 .debug_aranges
                0x00000468       0x88 ./Drivers/STM32F4xx_HAL_Driver/Src/stm32f4xx_hal_rcc.o
 .debug_aranges
                0x000004f0      0x3d0 ./Drivers/STM32F4xx_HAL_Driver/Src/stm32f4xx_hal_tim.o
 .debug_aranges
                0x000008c0      0x168 ./Drivers/STM32F4xx_HAL_Driver/Src/stm32f4xx_hal_tim_ex.o
 .debug_aranges
                0x00000a28       0x40 ./ThirdParty/FreeRTOS/list.o
 .debug_aranges
                0x00000a68      0x130 ./ThirdParty/FreeRTOS/queue.o
 .debug_aranges
                0x00000b98      0x208 ./ThirdParty/FreeRTOS/tasks.o
 .debug_aranges
                0x00000da0       0xe8 ./ThirdParty/FreeRTOS/timers.o
 .debug_aranges
                0x00000e88       0x80 ./ThirdParty/FreeRTOS/portable/GCC/ARM_CM4F/port.o
 .debug_aranges
                0x00000f08       0x60 ./ThirdParty/FreeRTOS/portable/MemMang/heap_4.o

.debug_rnglists
                0x00000000      0xbd3
 .debug_rnglists
                0x00000000       0x3a ./Core/Src/main.o
 .debug_rnglists
                0x0000003a       0x13 ./Core/Src/stm32f4xx_hal_msp.o
 .debug_rnglists
                0x0000004d       0x20 ./Core/Src/stm32f4xx_hal_timebase_tim.o
 .debug_rnglists
                0x0000006d       0x37 ./Core/Src/stm32f4xx_it.o
 .debug_rnglists
                0x000000a4       0x7f ./Core/Src/syscalls.o
 .debug_rnglists
                0x00000123       0x1a ./Core/Src/system_stm32f4xx.o
 .debug_rnglists
                0x0000013d       0x19 ./Core/Startup/startup_stm32f407vgtx.o
 .debug_rnglists
                0x00000156       0xaf ./Drivers/STM32F4xx_HAL_Driver/Src/stm32f4xx_hal.o
 .debug_rnglists
                0x00000205       0xe0 ./Drivers/STM32F4xx_HAL_Driver/Src/stm32f4xx_hal_cortex.o
 .debug_rnglists
                0x000002e5       0x3f ./Drivers/STM32F4xx_HAL_Driver/Src/stm32f4xx_hal_gpio.o
 .debug_rnglists
                0x00000324       0x66 ./Drivers/STM32F4xx_HAL_Driver/Src/stm32f4xx_hal_rcc.o
 .debug_rnglists
                0x0000038a      0x31a ./Drivers/STM32F4xx_HAL_Driver/Src/stm32f4xx_hal_tim.o
 .debug_rnglists
                0x000006a4      0x125 ./Drivers/STM32F4xx_HAL_Driver/Src/stm32f4xx_hal_tim_ex.o
 .debug_rnglists
                0x000007c9       0x2b ./ThirdParty/FreeRTOS/list.o
 .debug_rnglists
                0x000007f4       0xec ./ThirdParty/FreeRTOS/queue.o
 .debug_rnglists
                0x000008e0      0x1a1 ./ThirdParty/FreeRTOS/tasks.o
 .debug_rnglists
                0x00000a81       0xad ./ThirdParty/FreeRTOS/timers.o
 .debug_rnglists
                0x00000b2e       0x5d ./ThirdParty/FreeRTOS/portable/GCC/ARM_CM4F/port.o
 .debug_rnglists
                0x00000b8b       0x48 ./ThirdParty/FreeRTOS/portable/MemMang/heap_4.o

.debug_macro    0x00000000    0x22e3a
 .debug_macro   0x00000000      0x318 ./Core/Src/main.o
 .debug_macro   0x00000318      0xad8 ./Core/Src/main.o
 .debug_macro   0x00000df0      0x295 ./Core/Src/main.o
 .debug_macro   0x00001085       0x2e ./Core/Src/main.o
 .debug_macro   0x000010b3       0x2f ./Core/Src/main.o
 .debug_macro   0x000010e2       0x22 ./Core/Src/main.o
 .debug_macro   0x00001104       0x8e ./Core/Src/main.o
 .debug_macro   0x00001192       0x51 ./Core/Src/main.o
 .debug_macro   0x000011e3      0x103 ./Core/Src/main.o
 .debug_macro   0x000012e6       0x6a ./Core/Src/main.o
 .debug_macro   0x00001350      0x1df ./Core/Src/main.o
 .debug_macro   0x0000152f       0x1c ./Core/Src/main.o
 .debug_macro   0x0000154b       0x22 ./Core/Src/main.o
 .debug_macro   0x0000156d       0xfb ./Core/Src/main.o
 .debug_macro   0x00001668     0x1011 ./Core/Src/main.o
 .debug_macro   0x00002679      0x11f ./Core/Src/main.o
 .debug_macro   0x00002798    0x15e97 ./Core/Src/main.o
 .debug_macro   0x0001862f       0x6d ./Core/Src/main.o
 .debug_macro   0x0001869c     0x369a ./Core/Src/main.o
 .debug_macro   0x0001bd36      0x190 ./Core/Src/main.o
 .debug_macro   0x0001bec6       0x5c ./Core/Src/main.o
 .debug_macro   0x0001bf22      0x980 ./Core/Src/main.o
 .debug_macro   0x0001c8a2      0x9e9 ./Core/Src/main.o
 .debug_macro   0x0001d28b      0x115 ./Core/Src/main.o
 .debug_macro   0x0001d3a0      0x13e ./Core/Src/main.o
 .debug_macro   0x0001d4de       0xa5 ./Core/Src/main.o
 .debug_macro   0x0001d583      0x174 ./Core/Src/main.o
 .debug_macro   0x0001d6f7      0x287 ./Core/Src/main.o
 .debug_macro   0x0001d97e       0x5f ./Core/Src/main.o
 .debug_macro   0x0001d9dd      0x236 ./Core/Src/main.o
 .debug_macro   0x0001dc13      0x12c ./Core/Src/main.o
 .debug_macro   0x0001dd3f      0x21e ./Core/Src/main.o
 .debug_macro   0x0001df5d       0x2e ./Core/Src/main.o
 .debug_macro   0x0001df8b      0x127 ./Core/Src/main.o
 .debug_macro   0x0001e0b2       0x7e ./Core/Src/main.o
 .debug_macro   0x0001e130       0x89 ./Core/Src/main.o
 .debug_macro   0x0001e1b9      0x8ed ./Core/Src/main.o
 .debug_macro   0x0001eaa6       0x4d ./Core/Src/main.o
 .debug_macro   0x0001eaf3      0x12d ./Core/Src/main.o
 .debug_macro   0x0001ec20      0x190 ./Core/Src/main.o
 .debug_macro   0x0001edb0       0x61 ./Core/Src/main.o
 .debug_macro   0x0001ee11       0x2a ./Core/Src/main.o
 .debug_macro   0x0001ee3b       0x43 ./Core/Src/main.o
 .debug_macro   0x0001ee7e       0x34 ./Core/Src/main.o
 .debug_macro   0x0001eeb2       0x16 ./Core/Src/main.o
 .debug_macro   0x0001eec8       0x3c ./Core/Src/main.o
 .debug_macro   0x0001ef04      0x370 ./Core/Src/main.o
 .debug_macro   0x0001f274       0x10 ./Core/Src/main.o
 .debug_macro   0x0001f284       0x16 ./Core/Src/main.o
 .debug_macro   0x0001f29a       0x4a ./Core/Src/main.o
 .debug_macro   0x0001f2e4       0x34 ./Core/Src/main.o
 .debug_macro   0x0001f318       0x10 ./Core/Src/main.o
 .debug_macro   0x0001f328       0x58 ./Core/Src/main.o
 .debug_macro   0x0001f380       0x8e ./Core/Src/main.o
 .debug_macro   0x0001f40e       0x1c ./Core/Src/main.o
 .debug_macro   0x0001f42a      0x185 ./Core/Src/main.o
 .debug_macro   0x0001f5af       0x16 ./Core/Src/main.o
 .debug_macro   0x0001f5c5       0x16 ./Core/Src/main.o
 .debug_macro   0x0001f5db      0x146 ./Core/Src/main.o
 .debug_macro   0x0001f721       0xfa ./Core/Src/main.o
 .debug_macro   0x0001f81b      0x15a ./Core/Src/main.o
 .debug_macro   0x0001f975       0xea ./Core/Src/main.o
 .debug_macro   0x0001fa5f       0x28 ./Core/Src/main.o
 .debug_macro   0x0001fa87       0x1f ./Core/Src/main.o
 .debug_macro   0x0001faa6       0x12 ./Core/Src/main.o
 .debug_macro   0x0001fab8      0x52d ./Core/Src/main.o
 .debug_macro   0x0001ffe5       0xc3 ./Core/Src/main.o
 .debug_macro   0x000200a8      0x120 ./Core/Src/main.o
 .debug_macro   0x000201c8      0x1d3 ./Core/Src/stm32f4xx_hal_msp.o
 .debug_macro   0x0002039b      0x1c4 ./Core/Src/stm32f4xx_hal_timebase_tim.o
 .debug_macro   0x0002055f      0x1dd ./Core/Src/stm32f4xx_it.o
 .debug_macro   0x0002073c      0x286 ./Core/Src/syscalls.o
 .debug_macro   0x000209c2       0x5b ./Core/Src/syscalls.o
 .debug_macro   0x00020a1d       0x94 ./Core/Src/syscalls.o
 .debug_macro   0x00020ab1       0x57 ./Core/Src/syscalls.o
 .debug_macro   0x00020b08       0x10 ./Core/Src/syscalls.o
 .debug_macro   0x00020b18       0x10 ./Core/Src/syscalls.o
 .debug_macro   0x00020b28       0x10 ./Core/Src/syscalls.o
 .debug_macro   0x00020b38       0x10 ./Core/Src/syscalls.o
 .debug_macro   0x00020b48       0x1c ./Core/Src/syscalls.o
 .debug_macro   0x00020b64       0x52 ./Core/Src/syscalls.o
 .debug_macro   0x00020bb6       0x22 ./Core/Src/syscalls.o
 .debug_macro   0x00020bd8       0x10 ./Core/Src/syscalls.o
 .debug_macro   0x00020be8       0x52 ./Core/Src/syscalls.o
 .debug_macro   0x00020c3a       0xcf ./Core/Src/syscalls.o
 .debug_macro   0x00020d09       0x1c ./Core/Src/syscalls.o
 .debug_macro   0x00020d25       0x3d ./Core/Src/syscalls.o
 .debug_macro   0x00020d62       0x35 ./Core/Src/syscalls.o
 .debug_macro   0x00020d97      0x12c ./Core/Src/syscalls.o
 .debug_macro   0x00020ec3       0x16 ./Core/Src/syscalls.o
 .debug_macro   0x00020ed9       0x16 ./Core/Src/syscalls.o
 .debug_macro   0x00020eef       0x29 ./Core/Src/syscalls.o
 .debug_macro   0x00020f18       0x10 ./Core/Src/syscalls.o
 .debug_macro   0x00020f28      0x242 ./Core/Src/syscalls.o
 .debug_macro   0x0002116a       0x1c ./Core/Src/syscalls.o
 .debug_macro   0x00021186       0x10 ./Core/Src/syscalls.o
 .debug_macro   0x00021196      0x18a ./Core/Src/syscalls.o
 .debug_macro   0x00021320       0x16 ./Core/Src/syscalls.o
 .debug_macro   0x00021336       0xce ./Core/Src/syscalls.o
 .debug_macro   0x00021404      0x1c4 ./Core/Src/system_stm32f4xx.o
 .debug_macro   0x000215c8      0x224 ./Drivers/STM32F4xx_HAL_Driver/Src/stm32f4xx_hal.o
 .debug_macro   0x000217ec      0x1c4 ./Drivers/STM32F4xx_HAL_Driver/Src/stm32f4xx_hal_cortex.o
 .debug_macro   0x000219b0      0x1ca ./Drivers/STM32F4xx_HAL_Driver/Src/stm32f4xx_hal_gpio.o
 .debug_macro   0x00021b7a      0x1e8 ./Drivers/STM32F4xx_HAL_Driver/Src/stm32f4xx_hal_rcc.o
 .debug_macro   0x00021d62      0x1c5 ./Drivers/STM32F4xx_HAL_Driver/Src/stm32f4xx_hal_tim.o
 .debug_macro   0x00021f27      0x1c4 ./Drivers/STM32F4xx_HAL_Driver/Src/stm32f4xx_hal_tim_ex.o
 .debug_macro   0x000220eb      0x198 ./ThirdParty/FreeRTOS/list.o
 .debug_macro   0x00022283      0x22f ./ThirdParty/FreeRTOS/queue.o
 .debug_macro   0x000224b2       0x16 ./ThirdParty/FreeRTOS/queue.o
 .debug_macro   0x000224c8       0x20 ./ThirdParty/FreeRTOS/queue.o
 .debug_macro   0x000224e8       0x80 ./ThirdParty/FreeRTOS/queue.o
 .debug_macro   0x00022568      0x27e ./ThirdParty/FreeRTOS/tasks.o
 .debug_macro   0x000227e6       0x16 ./ThirdParty/FreeRTOS/tasks.o
 .debug_macro   0x000227fc      0x1e7 ./ThirdParty/FreeRTOS/timers.o
 .debug_macro   0x000229e3       0x97 ./ThirdParty/FreeRTOS/timers.o
 .debug_macro   0x00022a7a      0x1a7 ./ThirdParty/FreeRTOS/portable/GCC/ARM_CM4F/port.o
 .debug_macro   0x00022c21      0x219 ./ThirdParty/FreeRTOS/portable/MemMang/heap_4.o

.debug_line     0x00000000    0x11026
 .debug_line    0x00000000      0xbd7 ./Core/Src/main.o
 .debug_line    0x00000bd7      0x72e ./Core/Src/stm32f4xx_hal_msp.o
 .debug_line    0x00001305      0x7ac ./Core/Src/stm32f4xx_hal_timebase_tim.o
 .debug_line    0x00001ab1      0x7b7 ./Core/Src/stm32f4xx_it.o
 .debug_line    0x00002268      0x8eb ./Core/Src/syscalls.o
 .debug_line    0x00002b53      0x7b3 ./Core/Src/system_stm32f4xx.o
 .debug_line    0x00003306       0x7a ./Core/Startup/startup_stm32f407vgtx.o
 .debug_line    0x00003380      0xa20 ./Drivers/STM32F4xx_HAL_Driver/Src/stm32f4xx_hal.o
 .debug_line    0x00003da0      0xcf0 ./Drivers/STM32F4xx_HAL_Driver/Src/stm32f4xx_hal_cortex.o
 .debug_line    0x00004a90      0xb78 ./Drivers/STM32F4xx_HAL_Driver/Src/stm32f4xx_hal_gpio.o
 .debug_line    0x00005608      0xe2f ./Drivers/STM32F4xx_HAL_Driver/Src/stm32f4xx_hal_rcc.o
 .debug_line    0x00006437     0x379d ./Drivers/STM32F4xx_HAL_Driver/Src/stm32f4xx_hal_tim.o
 .debug_line    0x00009bd4     0x1980 ./Drivers/STM32F4xx_HAL_Driver/Src/stm32f4xx_hal_tim_ex.o
 .debug_line    0x0000b554      0x7de ./ThirdParty/FreeRTOS/list.o
 .debug_line    0x0000bd32     0x1669 ./ThirdParty/FreeRTOS/queue.o
 .debug_line    0x0000d39b     0x1ca9 ./ThirdParty/FreeRTOS/tasks.o
 .debug_line    0x0000f044      0xcf5 ./ThirdParty/FreeRTOS/timers.o
 .debug_line    0x0000fd39      0x8a0 ./ThirdParty/FreeRTOS/portable/GCC/ARM_CM4F/port.o
 .debug_line    0x000105d9      0xa4d ./ThirdParty/FreeRTOS/portable/MemMang/heap_4.o

.debug_str      0x00000000    0xd40dd
 .debug_str     0x00000000    0xd40dd ./Core/Src/main.o
                              0xcb77f (size before relaxing)
 .debug_str     0x000d40dd    0xc2777 ./Core/Src/stm32f4xx_hal_msp.o
 .debug_str     0x000d40dd    0xc2cb9 ./Core/Src/stm32f4xx_hal_timebase_tim.o
 .debug_str     0x000d40dd    0xc2c28 ./Core/Src/stm32f4xx_it.o
 .debug_str     0x000d40dd     0x9aa5 ./Core/Src/syscalls.o
 .debug_str     0x000d40dd    0xc21c2 ./Core/Src/system_stm32f4xx.o
 .debug_str     0x000d40dd       0x97 ./Core/Startup/startup_stm32f407vgtx.o
 .debug_str     0x000d40dd    0xc2d46 ./Drivers/STM32F4xx_HAL_Driver/Src/stm32f4xx_hal.o
 .debug_str     0x000d40dd    0xc2ac2 ./Drivers/STM32F4xx_HAL_Driver/Src/stm32f4xx_hal_cortex.o
 .debug_str     0x000d40dd    0xc233d ./Drivers/STM32F4xx_HAL_Driver/Src/stm32f4xx_hal_gpio.o
 .debug_str     0x000d40dd    0xc25f6 ./Drivers/STM32F4xx_HAL_Driver/Src/stm32f4xx_hal_rcc.o
 .debug_str     0x000d40dd    0xc354c ./Drivers/STM32F4xx_HAL_Driver/Src/stm32f4xx_hal_tim.o
 .debug_str     0x000d40dd    0xc2d58 ./Drivers/STM32F4xx_HAL_Driver/Src/stm32f4xx_hal_tim_ex.o
 .debug_str     0x000d40dd     0xb27f ./ThirdParty/FreeRTOS/list.o
 .debug_str     0x000d40dd     0xd968 ./ThirdParty/FreeRTOS/queue.o
 .debug_str     0x000d40dd     0xe53a ./ThirdParty/FreeRTOS/tasks.o
 .debug_str     0x000d40dd     0xdafe ./ThirdParty/FreeRTOS/timers.o
 .debug_str     0x000d40dd     0x9a23 ./ThirdParty/FreeRTOS/portable/GCC/ARM_CM4F/port.o
 .debug_str     0x000d40dd     0xcaa9 ./ThirdParty/FreeRTOS/portable/MemMang/heap_4.o

.comment        0x00000000       0x43
 .comment       0x00000000       0x43 ./Core/Src/main.o
                                 0x44 (size before relaxing)
 .comment       0x00000043       0x44 ./Core/Src/stm32f4xx_hal_msp.o
 .comment       0x00000043       0x44 ./Core/Src/stm32f4xx_hal_timebase_tim.o
 .comment       0x00000043       0x44 ./Core/Src/stm32f4xx_it.o
 .comment       0x00000043       0x44 ./Core/Src/syscalls.o
 .comment       0x00000043       0x44 ./Core/Src/system_stm32f4xx.o
 .comment       0x00000043       0x44 ./Drivers/STM32F4xx_HAL_Driver/Src/stm32f4xx_hal.o
 .comment       0x00000043       0x44 ./Drivers/STM32F4xx_HAL_Driver/Src/stm32f4xx_hal_cortex.o